###############################################################################
#
# IAR ELF Linker V8.32.1.169/W32 for ARM                  21/Jul/2019  21:09:04
# Copyright 2007-2018 IAR Systems AB.
#
#    Output file  =  
#        C:\Users\aleks\Documents\Embedded\InvertedPendulum\Debug\Exe\MasterThesis.out
#    Map file     =  
#        C:\Users\aleks\Documents\Embedded\InvertedPendulum\Debug\List\MasterThesis.map
#    Command line =  
#        -f C:\Users\aleks\AppData\Local\Temp\EW7D8B.tmp
#        (C:\Users\aleks\Documents\Embedded\InvertedPendulum\Debug\Obj\delay.o
#        C:\Users\aleks\Documents\Embedded\InvertedPendulum\Debug\Obj\L3GD20.o
#        C:\Users\aleks\Documents\Embedded\InvertedPendulum\Debug\Obj\Led.o
#        C:\Users\aleks\Documents\Embedded\InvertedPendulum\Debug\Obj\main.o
#        C:\Users\aleks\Documents\Embedded\InvertedPendulum\Debug\Obj\startup_stm32f401xc.o
#        C:\Users\aleks\Documents\Embedded\InvertedPendulum\Debug\Obj\stm32f4xx_it.o
#        C:\Users\aleks\Documents\Embedded\InvertedPendulum\Debug\Obj\system_stm32f4xx.o
#        --redirect _Printf=_PrintfFullNoMb --redirect _Scanf=_ScanfFullNoMb
#        --no_out_extension -o
#        C:\Users\aleks\Documents\Embedded\InvertedPendulum\Debug\Exe\MasterThesis.out
#        --map
#        C:\Users\aleks\Documents\Embedded\InvertedPendulum\Debug\List\MasterThesis.map
#        --config "C:\Program Files (x86)\IAR Systems\Embedded Workbench
#        8.2\arm\config\linker\ST\stm32f401xC.icf" --semihosting --entry
#        __iar_program_start --vfe --text_out locale)
#
###############################################################################

*******************************************************************************
*** RUNTIME MODEL ATTRIBUTES
***

CppFlavor       = *
__SystemLibrary = DLib
__dlib_version  = 6


*******************************************************************************
*** HEAP SELECTION
***

The basic heap was selected because some modules are built with
size limitations (and not runtime checking), and --advanced_heap
was not specified.


*******************************************************************************
*** PLACEMENT SUMMARY
***

"A0":  place at 0x800'0000 { ro section .intvec };
"P1":  place in [from 0x800'0000 to 0x803'ffff] { ro };
define block CSTACK with size = 8K, alignment = 8 { };
define block HEAP with size = 8K, alignment = 8 { };
"P2":  place in [from 0x2000'0000 to 0x2000'ffff] {
          rw, block CSTACK, block HEAP };

  Section          Kind         Address    Size  Object
  -------          ----         -------    ----  ------
"A0":                                     0x194
  .intvec          ro code   0x800'0000   0x194  startup_stm32f401xc.o [1]
                           - 0x800'0194   0x194

"P1":                                     0xc44
  .text            ro code   0x800'0194   0x298  main.o [1]
  .text            ro code   0x800'042c   0x154  L3GD20.o [1]
  .text            ro code   0x800'0580    0x48  FltToDbl.o [3]
  .text            ro code   0x800'05c8   0x17a  DblAdd.o [3]
  .text            ro code   0x800'0742    0x3a  zero_init3.o [4]
  .text            ro code   0x800'077c    0x1a  U32ToDbl.o [3]
  .text            ro code   0x800'0798   0x246  DblDiv.o [3]
  .text            ro code   0x800'09e0    0x68  DblToFlt.o [3]
  .text            ro code   0x800'0a48    0xd2  DblSub.o [3]
  .text            ro code   0x800'0b1c    0x84  system_stm32f4xx.o [1]
  .text            ro code   0x800'0ba0    0x68  stm32f4xx_it.o [1]
  .text            ro code   0x800'0c08    0x14  delay.o [1]
  .text            ro code   0x800'0c1c    0x34  Led.o [1]
  .text            ro code   0x800'0c50    0x28  data_init.o [4]
  .text            ro code   0x800'0c78    0x22  fpinit_M.o [3]
  .iar.init_table  const     0x800'0c9c    0x10  - Linker created -
  .text            ro code   0x800'0cac    0x1e  cmain.o [4]
  .text            ro code   0x800'0cca     0x4  low_level_init.o [2]
  .text            ro code   0x800'0cce     0x4  exit.o [2]
  .text            ro code   0x800'0cd4     0xa  cexit.o [4]
  .text            ro code   0x800'0ce0    0x14  exit.o [5]
  .text            ro code   0x800'0cf4    0x10  startup_stm32f401xc.o [1]
  .text            ro code   0x800'0d04     0xc  cstartup_M.o [4]
  .text            ro code   0x800'0d10     0x4  startup_stm32f401xc.o [1]
  .text            ro code   0x800'0d14     0x4  startup_stm32f401xc.o [1]
  .text            ro code   0x800'0d18     0x4  startup_stm32f401xc.o [1]
  .text            ro code   0x800'0d1c     0x4  startup_stm32f401xc.o [1]
  .text            ro code   0x800'0d20     0x4  startup_stm32f401xc.o [1]
  .text            ro code   0x800'0d24     0x4  startup_stm32f401xc.o [1]
  .text            ro code   0x800'0d28     0x4  startup_stm32f401xc.o [1]
  .text            ro code   0x800'0d2c     0x4  startup_stm32f401xc.o [1]
  .text            ro code   0x800'0d30     0x4  startup_stm32f401xc.o [1]
  .text            ro code   0x800'0d34     0x4  startup_stm32f401xc.o [1]
  .text            ro code   0x800'0d38     0x4  startup_stm32f401xc.o [1]
  .text            ro code   0x800'0d3c     0x4  startup_stm32f401xc.o [1]
  .text            ro code   0x800'0d40     0x4  startup_stm32f401xc.o [1]
  .text            ro code   0x800'0d44     0x4  startup_stm32f401xc.o [1]
  .text            ro code   0x800'0d48     0x4  startup_stm32f401xc.o [1]
  .text            ro code   0x800'0d4c     0x4  startup_stm32f401xc.o [1]
  .text            ro code   0x800'0d50     0x4  startup_stm32f401xc.o [1]
  .text            ro code   0x800'0d54     0x4  startup_stm32f401xc.o [1]
  .text            ro code   0x800'0d58     0x4  startup_stm32f401xc.o [1]
  .text            ro code   0x800'0d5c     0x4  startup_stm32f401xc.o [1]
  .text            ro code   0x800'0d60     0x4  startup_stm32f401xc.o [1]
  .text            ro code   0x800'0d64     0x4  startup_stm32f401xc.o [1]
  .text            ro code   0x800'0d68     0x4  startup_stm32f401xc.o [1]
  .text            ro code   0x800'0d6c     0x4  startup_stm32f401xc.o [1]
  .text            ro code   0x800'0d70     0x4  startup_stm32f401xc.o [1]
  .text            ro code   0x800'0d74     0x4  startup_stm32f401xc.o [1]
  .text            ro code   0x800'0d78     0x4  startup_stm32f401xc.o [1]
  .text            ro code   0x800'0d7c     0x4  startup_stm32f401xc.o [1]
  .text            ro code   0x800'0d80     0x4  startup_stm32f401xc.o [1]
  .text            ro code   0x800'0d84     0x4  startup_stm32f401xc.o [1]
  .text            ro code   0x800'0d88     0x4  startup_stm32f401xc.o [1]
  .text            ro code   0x800'0d8c     0x4  startup_stm32f401xc.o [1]
  .text            ro code   0x800'0d90     0x4  startup_stm32f401xc.o [1]
  .text            ro code   0x800'0d94     0x4  startup_stm32f401xc.o [1]
  .text            ro code   0x800'0d98     0x4  startup_stm32f401xc.o [1]
  .text            ro code   0x800'0d9c     0x4  startup_stm32f401xc.o [1]
  .text            ro code   0x800'0da0     0x4  startup_stm32f401xc.o [1]
  .text            ro code   0x800'0da4     0x4  startup_stm32f401xc.o [1]
  .text            ro code   0x800'0da8     0x4  startup_stm32f401xc.o [1]
  .text            ro code   0x800'0dac     0x4  startup_stm32f401xc.o [1]
  .text            ro code   0x800'0db0     0x4  startup_stm32f401xc.o [1]
  .text            ro code   0x800'0db4     0x4  startup_stm32f401xc.o [1]
  .text            ro code   0x800'0db8     0x4  startup_stm32f401xc.o [1]
  .text            ro code   0x800'0dbc     0x4  startup_stm32f401xc.o [1]
  .text            ro code   0x800'0dc0     0x4  startup_stm32f401xc.o [1]
  .text            ro code   0x800'0dc4     0x4  startup_stm32f401xc.o [1]
  .text            ro code   0x800'0dc8     0x4  startup_stm32f401xc.o [1]
  .text            ro code   0x800'0dcc     0x4  startup_stm32f401xc.o [1]
  .text            ro code   0x800'0dd0     0x4  startup_stm32f401xc.o [1]
  .text            ro code   0x800'0dd4     0x4  startup_stm32f401xc.o [1]
  .rodata          const     0x800'0dd8     0x0  zero_init3.o [4]
                           - 0x800'0dd8   0xc44

"P2", part 1 of 2:                         0x24
  .bss             zero     0x2000'0000     0xc  main.o [1]
  .bss             zero     0x2000'000c     0x4  delay.o [1]
  .bss             zero     0x2000'0010     0x8  main.o [1]
  .bss             zero     0x2000'0018     0x4  main.o [1]
  .bss             zero     0x2000'001c     0x4  main.o [1]
  .bss             zero     0x2000'0020     0x2  L3GD20.o [1]
  .bss             zero     0x2000'0022     0x1  stm32f4xx_it.o [1]
                          - 0x2000'0023    0x23

"P2", part 2 of 2:                       0x2000
  CSTACK                    0x2000'0028  0x2000  <Block>
    CSTACK         uninit   0x2000'0028  0x2000  <Block tail>
                          - 0x2000'2028  0x2000

Unused ranges:

         From           To      Size
         ----           --      ----
   0x800'0dd8   0x803'ffff  0x3'f228
  0x2000'0024  0x2000'0027       0x4
  0x2000'2028  0x2000'ffff    0xdfd8


*******************************************************************************
*** INIT TABLE
***

          Address      Size
          -------      ----
Zero (__iar_zero_init3)
    1 destination range, total size 0x23:
          0x2000'0000  0x23



*******************************************************************************
*** MODULE SUMMARY
***

    Module                 ro code  ro data  rw data
    ------                 -------  -------  -------
command line/config:
    ------------------------------------------------
    Total:

C:\Users\aleks\Documents\Embedded\InvertedPendulum\Debug\Obj: [1]
    L3GD20.o                   340                 2
    Led.o                       52
    delay.o                     20                 4
    main.o                     664                28
    startup_stm32f401xc.o      620
    stm32f4xx_it.o             104                 1
    system_stm32f4xx.o         132
    ------------------------------------------------
    Total:                   1 932                35

dl7M_tln.a: [2]
    exit.o                       4
    low_level_init.o             4
    ------------------------------------------------
    Total:                       8

m7M_tls.a: [3]
    DblAdd.o                   378
    DblDiv.o                   582
    DblSub.o                   210
    DblToFlt.o                 104
    FltToDbl.o                  72
    U32ToDbl.o                  26
    fpinit_M.o                  34
    ------------------------------------------------
    Total:                   1 406

rt7M_tl.a: [4]
    cexit.o                     10
    cmain.o                     30
    cstartup_M.o                12
    data_init.o                 40
    zero_init3.o                58
    ------------------------------------------------
    Total:                     150

shb_l.a: [5]
    exit.o                      20
    ------------------------------------------------
    Total:                      20

    Gaps                        10        2
    Linker created                       16    8 192
----------------------------------------------------
    Grand Total:             3 526       18    8 227


*******************************************************************************
*** ENTRY LIST
***

Entry                       Address   Size  Type      Object
-----                       -------   ----  ----      ------
.iar.init_table$$Base    0x800'0c9c          --   Gb  - Linker created -
.iar.init_table$$Limit   0x800'0cac          --   Gb  - Linker created -
?main                    0x800'0cad         Code  Gb  cmain.o [4]
BusFault_Handler         0x800'0ba7    0x2  Code  Gb  stm32f4xx_it.o [1]
CSTACK$$Base            0x2000'0028          --   Gb  - Linker created -
CSTACK$$Limit           0x2000'2028          --   Gb  - Linker created -
DebugMon_Handler         0x800'0bad    0x2  Code  Gb  stm32f4xx_it.o [1]
EXTI0_IRQHandler         0x800'0bb9   0x16  Code  Gb  stm32f4xx_it.o [1]
Gyro_Data               0x2000'0000    0xc  Data  Gb  main.o [1]
HardFault_Handler        0x800'0ba3    0x2  Code  Gb  stm32f4xx_it.o [1]
Init                     0x800'024f  0x142  Code  Gb  main.o [1]
L3GD20_init              0x800'0505   0x30  Code  Gb  L3GD20.o [1]
L3GD20_read_rates        0x800'0535   0x38  Code  Gb  L3GD20.o [1]
L3GD20_read_reg          0x800'04dd   0x28  Code  Gb  L3GD20.o [1]
L3GD20_write_reg         0x800'04b9   0x24  Code  Gb  L3GD20.o [1]
LED                      0x800'0c1d   0x34  Code  Gb  Led.o [1]
MemManage_Handler        0x800'0ba5    0x2  Code  Gb  stm32f4xx_it.o [1]
NMI_Handler              0x800'0ba1    0x2  Code  Gb  stm32f4xx_it.o [1]
NVIC_EnableIRQ           0x800'0195   0x16  Code  Lc  main.o [1]
NVIC_SetPriority         0x800'01ab   0x2c  Code  Lc  main.o [1]
PendSV_Handler           0x800'0baf    0x2  Code  Gb  stm32f4xx_it.o [1]
Region$$Table$$Base      0x800'0c9c          --   Gb  - Linker created -
Region$$Table$$Limit     0x800'0cac          --   Gb  - Linker created -
SPI_slaveSelect_ctrl     0x800'042d   0x22  Code  Gb  L3GD20.o [1]
SVC_Handler              0x800'0bab    0x2  Code  Gb  stm32f4xx_it.o [1]
SetSysClock              0x800'0b63   0x18  Code  Lc  system_stm32f4xx.o [1]
Spi_sendrecv             0x800'044f   0x6a  Code  Gb  L3GD20.o [1]
SysTick_Config           0x800'01d7   0x32  Code  Lc  main.o [1]
SysTick_Handler          0x800'0bb1    0x8  Code  Gb  stm32f4xx_it.o [1]
SystemInit               0x800'0b1d   0x46  Code  Gb  system_stm32f4xx.o [1]
TIM1_CC_IRQHandler       0x800'0c07    0x2  Code  Gb  stm32f4xx_it.o [1]
TIM1_UP_TIM10_IRQHandler
                         0x800'0bcf   0x20  Code  Gb  stm32f4xx_it.o [1]
TIM2_IRQHandler          0x800'0c01    0x2  Code  Gb  stm32f4xx_it.o [1]
TIM3_IRQHandler          0x800'0c03    0x2  Code  Gb  stm32f4xx_it.o [1]
TIM4_IRQHandler          0x800'0c05    0x2  Code  Gb  stm32f4xx_it.o [1]
TimeTick_Decrement       0x800'0c09   0x10  Code  Gb  delay.o [1]
UsageFault_Handler       0x800'0ba9    0x2  Code  Gb  stm32f4xx_it.o [1]
__aeabi_d2f              0x800'09e1         Code  Gb  DblToFlt.o [3]
__aeabi_dadd             0x800'05c9         Code  Gb  DblAdd.o [3]
__aeabi_ddiv             0x800'0799         Code  Gb  DblDiv.o [3]
__aeabi_f2d              0x800'0581         Code  Gb  FltToDbl.o [3]
__aeabi_ui2d             0x800'077d         Code  Gb  U32ToDbl.o [3]
__cmain                  0x800'0cad         Code  Gb  cmain.o [4]
__exit                   0x800'0ce1   0x14  Code  Gb  exit.o [5]
__iar_dadd               0x800'0a49         Code  Gb  DblSub.o [3]
__iar_data_init3         0x800'0c51   0x28  Code  Gb  data_init.o [4]
__iar_dsub               0x800'05d9         Code  Gb  DblAdd.o [3]
__iar_dsubStart          0x800'05eb         Code  Gb  DblAdd.o [3]
__iar_init_vfp           0x800'0c79         Code  Gb  fpinit_M.o [3]
__iar_program_start      0x800'0d05         Code  Gb  cstartup_M.o [4]
__iar_zero_init3         0x800'0743   0x3a  Code  Gb  zero_init3.o [4]
__low_level_init         0x800'0ccb    0x4  Code  Gb  low_level_init.o [2]
__vector_table           0x800'0000         Data  Gb  startup_stm32f401xc.o [1]
_call_main               0x800'0cb9         Code  Gb  cmain.o [4]
_exit                    0x800'0cd5         Code  Gb  cexit.o [4]
_main                    0x800'0cc7         Code  Gb  cmain.o [4]
dt_flag                 0x2000'0022    0x1  Data  Gb  stm32f4xx_it.o [1]
exit                     0x800'0ccf    0x4  Code  Gb  exit.o [2]
i                       0x2000'001c    0x4  Data  Gb  main.o [1]
main                     0x800'0209   0x46  Code  Gb  main.o [1]
srednia                 0x2000'0018    0x4  Data  Gb  main.o [1]
suma                    0x2000'0010    0x8  Data  Gb  main.o [1]
sysTickCounter          0x2000'000c    0x4  Data  Lc  delay.o [1]
timeout                 0x2000'0020    0x2  Data  Gb  L3GD20.o [1]


[1] = C:\Users\aleks\Documents\Embedded\InvertedPendulum\Debug\Obj
[2] = dl7M_tln.a
[3] = m7M_tls.a
[4] = rt7M_tl.a
[5] = shb_l.a

  3 526 bytes of readonly  code memory
     18 bytes of readonly  data memory
  8 227 bytes of readwrite data memory

Errors: none
Warnings: none
