###############################################################################
#
# IAR ELF Linker V8.40.1.212/W32 for ARM                  26/Jul/2019  15:54:25
# Copyright 2007-2019 IAR Systems AB.
#
#    Output file  =
#        C:\Users\aldy\Documents\InvertedPendulum\Debug\Exe\MasterThesis.out
#    Map file     =
#        C:\Users\aldy\Documents\InvertedPendulum\Debug\List\MasterThesis.map
#    Command line =
#        -f C:\Users\aldy\AppData\Local\Temp\EW1379.tmp
#        (C:\Users\aldy\Documents\InvertedPendulum\Debug\Obj\delay.o
#        C:\Users\aldy\Documents\InvertedPendulum\Debug\Obj\L3GD20.o
#        C:\Users\aldy\Documents\InvertedPendulum\Debug\Obj\Led.o
#        C:\Users\aldy\Documents\InvertedPendulum\Debug\Obj\LSM303DLHC.o
#        C:\Users\aldy\Documents\InvertedPendulum\Debug\Obj\main.o
#        C:\Users\aldy\Documents\InvertedPendulum\Debug\Obj\pid.o
#        C:\Users\aldy\Documents\InvertedPendulum\Debug\Obj\startup_stm32f401xc.o
#        C:\Users\aldy\Documents\InvertedPendulum\Debug\Obj\stm32f4xx_it.o
#        C:\Users\aldy\Documents\InvertedPendulum\Debug\Obj\system_stm32f4xx.o
#        --redirect _Printf=_PrintfFullNoMb --redirect _Scanf=_ScanfFullNoMb
#        --no_out_extension -o
#        C:\Users\aldy\Documents\InvertedPendulum\Debug\Exe\MasterThesis.out
#        --map
#        C:\Users\aldy\Documents\InvertedPendulum\Debug\List\MasterThesis.map
#        --config "C:\Program Files (x86)\IAR Systems\Embedded Workbench
#        8.3\arm\config\linker\ST\stm32f401xC.icf" --semihosting --entry
#        __iar_program_start --vfe --text_out locale)
#
###############################################################################

*******************************************************************************
*** RUNTIME MODEL ATTRIBUTES
***

CppFlavor       = *
__SystemLibrary = DLib
__dlib_version  = 6


*******************************************************************************
*** HEAP SELECTION
***

The basic heap was selected because some modules are built with
size limitations (and not runtime checking), and --advanced_heap
was not specified.


*******************************************************************************
*** PLACEMENT SUMMARY
***

"A0":  place at address 0x800'0000 { ro section .intvec };
"P1":  place in [from 0x800'0000 to 0x803'ffff] { ro };
define block CSTACK with size = 8K, alignment = 8 { };
define block HEAP with size = 8K, alignment = 8 { };
"P2":  place in [from 0x2000'0000 to 0x2000'ffff] {
          rw, block CSTACK, block HEAP };

  Section          Kind         Address    Size  Object
  -------          ----         -------    ----  ------
"A0":                                     0x194
  .intvec          ro code   0x800'0000   0x194  startup_stm32f401xc.o [1]
                           - 0x800'0194   0x194

"P1":                                    0x12b8
  .text            ro code   0x800'0194   0x414  main.o [1]
  .text            ro code   0x800'05a8    0x34  Led.o [1]
  .text            ro code   0x800'05dc   0x160  L3GD20.o [1]
  .text            ro code   0x800'073c    0x48  FltToDbl.o [3]
  .text            ro code   0x800'0784   0x17a  DblAdd.o [3]
  .text            ro code   0x800'08fe    0x3a  zero_init3.o [4]
  .text            ro code   0x800'0938    0x1a  U32ToDbl.o [3]
  .text            ro code   0x800'0954   0x246  DblDiv.o [3]
  .text            ro code   0x800'0b9c    0x68  DblToFlt.o [3]
  .text            ro code   0x800'0c04   0x198  LSM303DLHC.o [1]
  .text            ro code   0x800'0d9c   0x1a2  DblMul.o [3]
  .text            ro code   0x800'0f40    0x48  atanf.o [3]
  .text            ro code   0x800'0f88    0xc4  pid.o [1]
  .text            ro code   0x800'104c    0xd2  DblSub.o [3]
  .text            ro code   0x800'1120    0xa4  xatanf.o [3]
  .text            ro code   0x800'11c4    0x84  system_stm32f4xx.o [1]
  .text            ro code   0x800'1248    0x68  stm32f4xx_it.o [1]
  .text            ro code   0x800'12b0    0x14  delay.o [1]
  .text            ro code   0x800'12c4    0x28  data_init.o [4]
  .text            ro code   0x800'12ec    0x22  fpinit_M.o [3]
  .iar.init_table  const     0x800'1310    0x10  - Linker created -
  .text            ro code   0x800'1320    0x1e  cmain.o [4]
  .text            ro code   0x800'133e     0x4  low_level_init.o [2]
  .text            ro code   0x800'1342     0x4  exit.o [2]
  .text            ro code   0x800'1348     0xa  cexit.o [4]
  .text            ro code   0x800'1354    0x14  exit.o [5]
  .text            ro code   0x800'1368    0x10  startup_stm32f401xc.o [1]
  .text            ro code   0x800'1378     0xc  cstartup_M.o [4]
  .text            ro code   0x800'1384     0x4  startup_stm32f401xc.o [1]
  .text            ro code   0x800'1388     0x4  startup_stm32f401xc.o [1]
  .text            ro code   0x800'138c     0x4  startup_stm32f401xc.o [1]
  .text            ro code   0x800'1390     0x4  startup_stm32f401xc.o [1]
  .text            ro code   0x800'1394     0x4  startup_stm32f401xc.o [1]
  .text            ro code   0x800'1398     0x4  startup_stm32f401xc.o [1]
  .text            ro code   0x800'139c     0x4  startup_stm32f401xc.o [1]
  .text            ro code   0x800'13a0     0x4  startup_stm32f401xc.o [1]
  .text            ro code   0x800'13a4     0x4  startup_stm32f401xc.o [1]
  .text            ro code   0x800'13a8     0x4  startup_stm32f401xc.o [1]
  .text            ro code   0x800'13ac     0x4  startup_stm32f401xc.o [1]
  .text            ro code   0x800'13b0     0x4  startup_stm32f401xc.o [1]
  .text            ro code   0x800'13b4     0x4  startup_stm32f401xc.o [1]
  .text            ro code   0x800'13b8     0x4  startup_stm32f401xc.o [1]
  .text            ro code   0x800'13bc     0x4  startup_stm32f401xc.o [1]
  .text            ro code   0x800'13c0     0x4  startup_stm32f401xc.o [1]
  .text            ro code   0x800'13c4     0x4  startup_stm32f401xc.o [1]
  .text            ro code   0x800'13c8     0x4  startup_stm32f401xc.o [1]
  .text            ro code   0x800'13cc     0x4  startup_stm32f401xc.o [1]
  .text            ro code   0x800'13d0     0x4  startup_stm32f401xc.o [1]
  .text            ro code   0x800'13d4     0x4  startup_stm32f401xc.o [1]
  .text            ro code   0x800'13d8     0x4  startup_stm32f401xc.o [1]
  .text            ro code   0x800'13dc     0x4  startup_stm32f401xc.o [1]
  .text            ro code   0x800'13e0     0x4  startup_stm32f401xc.o [1]
  .text            ro code   0x800'13e4     0x4  startup_stm32f401xc.o [1]
  .text            ro code   0x800'13e8     0x4  startup_stm32f401xc.o [1]
  .text            ro code   0x800'13ec     0x4  startup_stm32f401xc.o [1]
  .text            ro code   0x800'13f0     0x4  startup_stm32f401xc.o [1]
  .text            ro code   0x800'13f4     0x4  startup_stm32f401xc.o [1]
  .text            ro code   0x800'13f8     0x4  startup_stm32f401xc.o [1]
  .text            ro code   0x800'13fc     0x4  startup_stm32f401xc.o [1]
  .text            ro code   0x800'1400     0x4  startup_stm32f401xc.o [1]
  .text            ro code   0x800'1404     0x4  startup_stm32f401xc.o [1]
  .text            ro code   0x800'1408     0x4  startup_stm32f401xc.o [1]
  .text            ro code   0x800'140c     0x4  startup_stm32f401xc.o [1]
  .text            ro code   0x800'1410     0x4  startup_stm32f401xc.o [1]
  .text            ro code   0x800'1414     0x4  startup_stm32f401xc.o [1]
  .text            ro code   0x800'1418     0x4  startup_stm32f401xc.o [1]
  .text            ro code   0x800'141c     0x4  startup_stm32f401xc.o [1]
  .text            ro code   0x800'1420     0x4  startup_stm32f401xc.o [1]
  .text            ro code   0x800'1424     0x4  startup_stm32f401xc.o [1]
  .text            ro code   0x800'1428     0x4  startup_stm32f401xc.o [1]
  .text            ro code   0x800'142c     0x4  startup_stm32f401xc.o [1]
  .text            ro code   0x800'1430     0x4  startup_stm32f401xc.o [1]
  .text            ro code   0x800'1434     0x4  startup_stm32f401xc.o [1]
  .text            ro code   0x800'1438     0x4  startup_stm32f401xc.o [1]
  .text            ro code   0x800'143c     0x4  startup_stm32f401xc.o [1]
  .text            ro code   0x800'1440     0x4  startup_stm32f401xc.o [1]
  .text            ro code   0x800'1444     0x4  startup_stm32f401xc.o [1]
  .text            ro code   0x800'1448     0x4  startup_stm32f401xc.o [1]
  .rodata          const     0x800'144c     0x0  zero_init3.o [4]
                           - 0x800'144c  0x12b8

"P2", part 1 of 2:                         0x58
  .bss             zero     0x2000'0000    0x1c  main.o [1]
  .bss             zero     0x2000'001c     0xc  main.o [1]
  .bss             zero     0x2000'0028     0x8  main.o [1]
  .bss             zero     0x2000'0030     0x8  main.o [1]
  .bss             zero     0x2000'0038     0x4  delay.o [1]
  .bss             zero     0x2000'003c     0x4  main.o [1]
  .bss             zero     0x2000'0040     0x4  main.o [1]
  .bss             zero     0x2000'0044     0x4  main.o [1]
  .bss             zero     0x2000'0048     0x4  main.o [1]
  .bss             zero     0x2000'004c     0x4  main.o [1]
  .bss             zero     0x2000'0050     0x4  main.o [1]
  .bss             zero     0x2000'0054     0x2  L3GD20.o [1]
  .bss             zero     0x2000'0056     0x1  stm32f4xx_it.o [1]
                          - 0x2000'0057    0x57

"P2", part 2 of 2:                       0x2000
  CSTACK                    0x2000'0058  0x2000  <Block>
    CSTACK         uninit   0x2000'0058  0x2000  <Block tail>
                          - 0x2000'2058  0x2000

Unused ranges:

         From           To      Size
         ----           --      ----
   0x800'144c   0x803'ffff  0x3'ebb4
  0x2000'2058  0x2000'ffff    0xdfa8


*******************************************************************************
*** INIT TABLE
***

          Address      Size
          -------      ----
Zero (__iar_zero_init3)
    1 destination range, total size 0x57:
          0x2000'0000  0x57



*******************************************************************************
*** MODULE SUMMARY
***

    Module                 ro code  ro data  rw data
    ------                 -------  -------  -------
command line/config:
    ------------------------------------------------
    Total:

C:\Users\aldy\Documents\InvertedPendulum\Debug\Obj: [1]
    L3GD20.o                   352                 2
    LSM303DLHC.o               408
    Led.o                       52
    delay.o                     20                 4
    main.o                   1'044                80
    pid.o                      196
    startup_stm32f401xc.o      620
    stm32f4xx_it.o             104                 1
    system_stm32f4xx.o         132
    ------------------------------------------------
    Total:                   2'928                87

dl7M_tln.a: [2]
    exit.o                       4
    low_level_init.o             4
    ------------------------------------------------
    Total:                       8

m7M_tls.a: [3]
    DblAdd.o                   378
    DblDiv.o                   582
    DblMul.o                   418
    DblSub.o                   210
    DblToFlt.o                 104
    FltToDbl.o                  72
    U32ToDbl.o                  26
    atanf.o                     72
    fpinit_M.o                  34
    xatanf.o                   164
    ------------------------------------------------
    Total:                   2'060

rt7M_tl.a: [4]
    cexit.o                     10
    cmain.o                     30
    cstartup_M.o                12
    data_init.o                 40
    zero_init3.o                58
    ------------------------------------------------
    Total:                     150

shb_l.a: [5]
    exit.o                      20
    ------------------------------------------------
    Total:                      20

    Gaps                        12        2
    Linker created                       16    8'192
----------------------------------------------------
    Grand Total:             5'178       18    8'279


*******************************************************************************
*** ENTRY LIST
***

Entry                       Address   Size  Type      Object
-----                       -------   ----  ----      ------
.iar.init_table$$Base    0x800'1310          --   Gb  - Linker created -
.iar.init_table$$Limit   0x800'1320          --   Gb  - Linker created -
?main                    0x800'1321         Code  Gb  cmain.o [4]
Accelerometer_Data      0x2000'0028    0x8  Data  Gb  main.o [1]
BusFault_Handler         0x800'124f    0x2  Code  Gb  stm32f4xx_it.o [1]
CSTACK$$Base            0x2000'0058          --   Gb  - Linker created -
CSTACK$$Limit           0x2000'2058          --   Gb  - Linker created -
DebugMon_Handler         0x800'1255    0x2  Code  Gb  stm32f4xx_it.o [1]
EXTI0_IRQHandler         0x800'1261   0x16  Code  Gb  stm32f4xx_it.o [1]
Gyro_Data               0x2000'001c    0xc  Data  Gb  main.o [1]
HardFault_Handler        0x800'124b    0x2  Code  Gb  stm32f4xx_it.o [1]
I2C_Addr                 0x800'0c25   0x22  Code  Lc  LSM303DLHC.o [1]
I2C_Clear_Addr_Flag      0x800'0c47   0x10  Code  Lc  LSM303DLHC.o [1]
I2C_Read                 0x800'0c75   0x30  Code  Lc  LSM303DLHC.o [1]
I2C_Start                0x800'0c05   0x14  Code  Lc  LSM303DLHC.o [1]
I2C_Stop                 0x800'0c19    0xc  Code  Lc  LSM303DLHC.o [1]
I2C_Write                0x800'0c57   0x1e  Code  Lc  LSM303DLHC.o [1]
Init                     0x800'033d  0x17e  Code  Gb  main.o [1]
L3GD20_init              0x800'06b5   0x20  Code  Gb  L3GD20.o [1]
L3GD20_read_rates        0x800'06d5   0x4a  Code  Gb  L3GD20.o [1]
L3GD20_read_reg          0x800'068d   0x28  Code  Gb  L3GD20.o [1]
L3GD20_write_reg         0x800'0669   0x24  Code  Gb  L3GD20.o [1]
LED                      0x800'05a9   0x34  Code  Gb  Led.o [1]
LSM303DLHC_init          0x800'0d91    0xc  Code  Gb  LSM303DLHC.o [1]
LSM303DLHC_read_rates    0x800'0d43   0x4e  Code  Gb  LSM303DLHC.o [1]
LSM303DLHC_read_reg      0x800'0ceb   0x58  Code  Gb  LSM303DLHC.o [1]
LSM303DLHC_set_reg       0x800'0cb5   0x1a  Code  Lc  LSM303DLHC.o [1]
LSM303DLHC_write_reg     0x800'0ccf   0x1c  Code  Gb  LSM303DLHC.o [1]
MemManage_Handler        0x800'124d    0x2  Code  Gb  stm32f4xx_it.o [1]
NMI_Handler              0x800'1249    0x2  Code  Gb  stm32f4xx_it.o [1]
NVIC_EnableIRQ           0x800'0195   0x18  Code  Lc  main.o [1]
NVIC_SetPriority         0x800'01ad   0x30  Code  Lc  main.o [1]
PendSV_Handler           0x800'1257    0x2  Code  Gb  stm32f4xx_it.o [1]
Processed_value         0x2000'0048    0x4  Data  Gb  main.o [1]
Region$$Table$$Base      0x800'1310          --   Gb  - Linker created -
Region$$Table$$Limit     0x800'1320          --   Gb  - Linker created -
SPI_slaveSelect_ctrl     0x800'05dd   0x22  Code  Lc  L3GD20.o [1]
SVC_Handler              0x800'1253    0x2  Code  Gb  stm32f4xx_it.o [1]
SetSysClock              0x800'120b   0x18  Code  Lc  system_stm32f4xx.o [1]
Spi_sendrecv             0x800'05ff   0x6a  Code  Lc  L3GD20.o [1]
SysTick_Config           0x800'01dd   0x34  Code  Lc  main.o [1]
SysTick_Handler          0x800'1259    0x8  Code  Gb  stm32f4xx_it.o [1]
SystemInit               0x800'11c5   0x46  Code  Gb  system_stm32f4xx.o [1]
TIM1_CC_IRQHandler       0x800'12af    0x2  Code  Gb  stm32f4xx_it.o [1]
TIM1_UP_TIM10_IRQHandler
                         0x800'1277   0x20  Code  Gb  stm32f4xx_it.o [1]
TIM2_IRQHandler          0x800'12a9    0x2  Code  Gb  stm32f4xx_it.o [1]
TIM3_IRQHandler          0x800'12ab    0x2  Code  Gb  stm32f4xx_it.o [1]
TIM4_IRQHandler          0x800'12ad    0x2  Code  Gb  stm32f4xx_it.o [1]
Tilt                    0x2000'003c    0x4  Data  Gb  main.o [1]
Tilt_A                  0x2000'0040    0x4  Data  Gb  main.o [1]
Tilt_G                  0x2000'0044    0x4  Data  Gb  main.o [1]
TimeTick_Decrement       0x800'12b1   0x10  Code  Gb  delay.o [1]
UsageFault_Handler       0x800'1251    0x2  Code  Gb  stm32f4xx_it.o [1]
__aeabi_d2f              0x800'0b9d         Code  Gb  DblToFlt.o [3]
__aeabi_dadd             0x800'0785         Code  Gb  DblAdd.o [3]
__aeabi_ddiv             0x800'0955         Code  Gb  DblDiv.o [3]
__aeabi_dmul             0x800'0d9d         Code  Gb  DblMul.o [3]
__aeabi_f2d              0x800'073d         Code  Gb  FltToDbl.o [3]
__aeabi_ui2d             0x800'0939         Code  Gb  U32ToDbl.o [3]
__cmain                  0x800'1321         Code  Gb  cmain.o [4]
__exit                   0x800'1355   0x14  Code  Gb  exit.o [5]
__iar_atan32             0x800'0f41         Code  Gb  atanf.o [3]
__iar_dadd               0x800'104d         Code  Gb  DblSub.o [3]
__iar_data_init3         0x800'12c5   0x28  Code  Gb  data_init.o [4]
__iar_dsub               0x800'0795         Code  Gb  DblAdd.o [3]
__iar_dsubStart          0x800'07a7         Code  Gb  DblAdd.o [3]
__iar_init_vfp           0x800'12ed         Code  Gb  fpinit_M.o [3]
__iar_program_start      0x800'1379         Code  Gb  cstartup_M.o [4]
__iar_xatanf             0x800'1121         Code  Gb  xatanf.o [3]
__iar_zero_init3         0x800'08ff   0x3a  Code  Gb  zero_init3.o [4]
__low_level_init         0x800'133f    0x4  Code  Gb  low_level_init.o [2]
__vector_table           0x800'0000         Data  Gb  startup_stm32f401xc.o [1]
_call_main               0x800'132d         Code  Gb  cmain.o [4]
_exit                    0x800'1349         Code  Gb  cexit.o [4]
_main                    0x800'133b         Code  Gb  cmain.o [4]
atanf                    0x800'0f41         Code  Gb  atanf.o [3]
dt_flag                 0x2000'0056    0x1  Data  Gb  stm32f4xx_it.o [1]
exit                     0x800'1343    0x4  Code  Gb  exit.o [2]
i                       0x2000'0050    0x4  Data  Gb  main.o [1]
main                     0x800'0211  0x12c  Code  Gb  main.o [1]
pidData                 0x2000'0000   0x1c  Data  Gb  main.o [1]
pid_Controller           0x800'0fab   0x8e  Code  Gb  pid.o [1]
pid_Init                 0x800'0f89   0x22  Code  Gb  pid.o [1]
srednia                 0x2000'004c    0x4  Data  Gb  main.o [1]
suma                    0x2000'0030    0x8  Data  Gb  main.o [1]
sysTickCounter          0x2000'0038    0x4  Data  Lc  delay.o [1]
timeout                 0x2000'0054    0x2  Data  Gb  L3GD20.o [1]


[1] = C:\Users\aldy\Documents\InvertedPendulum\Debug\Obj
[2] = dl7M_tln.a
[3] = m7M_tls.a
[4] = rt7M_tl.a
[5] = shb_l.a

  5'178 bytes of readonly  code memory
     18 bytes of readonly  data memory
  8'279 bytes of readwrite data memory

Errors: none
Warnings: none
