###############################################################################
#
# IAR ELF Linker V8.40.1.212/W32 for ARM                  23/Jul/2019  17:42:05
# Copyright 2007-2019 IAR Systems AB.
#
#    Output file  =
#        C:\Users\aldy\Documents\InvertedPendulum\Debug\Exe\MasterThesis.out
#    Map file     =
#        C:\Users\aldy\Documents\InvertedPendulum\Debug\List\MasterThesis.map
#    Command line =
#        -f C:\Users\aldy\AppData\Local\Temp\EW9576.tmp
#        (C:\Users\aldy\Documents\InvertedPendulum\Debug\Obj\delay.o
#        C:\Users\aldy\Documents\InvertedPendulum\Debug\Obj\L3GD20.o
#        C:\Users\aldy\Documents\InvertedPendulum\Debug\Obj\Led.o
#        C:\Users\aldy\Documents\InvertedPendulum\Debug\Obj\LSM303DLHC.o
#        C:\Users\aldy\Documents\InvertedPendulum\Debug\Obj\main.o
#        C:\Users\aldy\Documents\InvertedPendulum\Debug\Obj\startup_stm32f401xc.o
#        C:\Users\aldy\Documents\InvertedPendulum\Debug\Obj\stm32f4xx_it.o
#        C:\Users\aldy\Documents\InvertedPendulum\Debug\Obj\system_stm32f4xx.o
#        --redirect _Printf=_PrintfFullNoMb --redirect _Scanf=_ScanfFullNoMb
#        --no_out_extension -o
#        C:\Users\aldy\Documents\InvertedPendulum\Debug\Exe\MasterThesis.out
#        --map
#        C:\Users\aldy\Documents\InvertedPendulum\Debug\List\MasterThesis.map
#        --config "C:\Program Files (x86)\IAR Systems\Embedded Workbench
#        8.3\arm\config\linker\ST\stm32f401xC.icf" --semihosting --entry
#        __iar_program_start --vfe --text_out locale)
#
###############################################################################

*******************************************************************************
*** RUNTIME MODEL ATTRIBUTES
***

CppFlavor       = *
__SystemLibrary = DLib
__dlib_version  = 6


*******************************************************************************
*** HEAP SELECTION
***

The basic heap was selected because some modules are built with
size limitations (and not runtime checking), and --advanced_heap
was not specified.


*******************************************************************************
*** PLACEMENT SUMMARY
***

"A0":  place at address 0x800'0000 { ro section .intvec };
"P1":  place in [from 0x800'0000 to 0x803'ffff] { ro };
define block CSTACK with size = 8K, alignment = 8 { };
define block HEAP with size = 8K, alignment = 8 { };
"P2":  place in [from 0x2000'0000 to 0x2000'ffff] {
          rw, block CSTACK, block HEAP };

  Section          Kind         Address    Size  Object
  -------          ----         -------    ----  ------
"A0":                                     0x194
  .intvec          ro code   0x800'0000   0x194  startup_stm32f401xc.o [1]
                           - 0x800'0194   0x194

"P1":                                    0x1010
  .text            ro code   0x800'0194   0x404  main.o [1]
  .text            ro code   0x800'0598    0xcc  LSM303DLHC.o [1]
  .text            ro code   0x800'0664   0x144  L3GD20.o [1]
  .text            ro code   0x800'07a8    0x48  FltToDbl.o [3]
  .text            ro code   0x800'07f0   0x17a  DblAdd.o [3]
  .text            ro code   0x800'096a    0x3a  zero_init3.o [4]
  .text            ro code   0x800'09a4    0x1a  U32ToDbl.o [3]
  .text            ro code   0x800'09c0   0x246  DblDiv.o [3]
  .text            ro code   0x800'0c08    0x68  DblToFlt.o [3]
  .text            ro code   0x800'0c70   0x1a2  DblMul.o [3]
  .text            ro code   0x800'0e14    0x34  Led.o [1]
  .text            ro code   0x800'0e48    0xd2  DblSub.o [3]
  .text            ro code   0x800'0f1c    0x84  system_stm32f4xx.o [1]
  .text            ro code   0x800'0fa0    0x68  stm32f4xx_it.o [1]
  .text            ro code   0x800'1008    0x14  delay.o [1]
  .text            ro code   0x800'101c    0x28  data_init.o [4]
  .text            ro code   0x800'1044    0x22  fpinit_M.o [3]
  .iar.init_table  const     0x800'1068    0x10  - Linker created -
  .text            ro code   0x800'1078    0x1e  cmain.o [4]
  .text            ro code   0x800'1096     0x4  low_level_init.o [2]
  .text            ro code   0x800'109a     0x4  exit.o [2]
  .text            ro code   0x800'10a0     0xa  cexit.o [4]
  .text            ro code   0x800'10ac    0x14  exit.o [5]
  .text            ro code   0x800'10c0    0x10  startup_stm32f401xc.o [1]
  .text            ro code   0x800'10d0     0xc  cstartup_M.o [4]
  .text            ro code   0x800'10dc     0x4  startup_stm32f401xc.o [1]
  .text            ro code   0x800'10e0     0x4  startup_stm32f401xc.o [1]
  .text            ro code   0x800'10e4     0x4  startup_stm32f401xc.o [1]
  .text            ro code   0x800'10e8     0x4  startup_stm32f401xc.o [1]
  .text            ro code   0x800'10ec     0x4  startup_stm32f401xc.o [1]
  .text            ro code   0x800'10f0     0x4  startup_stm32f401xc.o [1]
  .text            ro code   0x800'10f4     0x4  startup_stm32f401xc.o [1]
  .text            ro code   0x800'10f8     0x4  startup_stm32f401xc.o [1]
  .text            ro code   0x800'10fc     0x4  startup_stm32f401xc.o [1]
  .text            ro code   0x800'1100     0x4  startup_stm32f401xc.o [1]
  .text            ro code   0x800'1104     0x4  startup_stm32f401xc.o [1]
  .text            ro code   0x800'1108     0x4  startup_stm32f401xc.o [1]
  .text            ro code   0x800'110c     0x4  startup_stm32f401xc.o [1]
  .text            ro code   0x800'1110     0x4  startup_stm32f401xc.o [1]
  .text            ro code   0x800'1114     0x4  startup_stm32f401xc.o [1]
  .text            ro code   0x800'1118     0x4  startup_stm32f401xc.o [1]
  .text            ro code   0x800'111c     0x4  startup_stm32f401xc.o [1]
  .text            ro code   0x800'1120     0x4  startup_stm32f401xc.o [1]
  .text            ro code   0x800'1124     0x4  startup_stm32f401xc.o [1]
  .text            ro code   0x800'1128     0x4  startup_stm32f401xc.o [1]
  .text            ro code   0x800'112c     0x4  startup_stm32f401xc.o [1]
  .text            ro code   0x800'1130     0x4  startup_stm32f401xc.o [1]
  .text            ro code   0x800'1134     0x4  startup_stm32f401xc.o [1]
  .text            ro code   0x800'1138     0x4  startup_stm32f401xc.o [1]
  .text            ro code   0x800'113c     0x4  startup_stm32f401xc.o [1]
  .text            ro code   0x800'1140     0x4  startup_stm32f401xc.o [1]
  .text            ro code   0x800'1144     0x4  startup_stm32f401xc.o [1]
  .text            ro code   0x800'1148     0x4  startup_stm32f401xc.o [1]
  .text            ro code   0x800'114c     0x4  startup_stm32f401xc.o [1]
  .text            ro code   0x800'1150     0x4  startup_stm32f401xc.o [1]
  .text            ro code   0x800'1154     0x4  startup_stm32f401xc.o [1]
  .text            ro code   0x800'1158     0x4  startup_stm32f401xc.o [1]
  .text            ro code   0x800'115c     0x4  startup_stm32f401xc.o [1]
  .text            ro code   0x800'1160     0x4  startup_stm32f401xc.o [1]
  .text            ro code   0x800'1164     0x4  startup_stm32f401xc.o [1]
  .text            ro code   0x800'1168     0x4  startup_stm32f401xc.o [1]
  .text            ro code   0x800'116c     0x4  startup_stm32f401xc.o [1]
  .text            ro code   0x800'1170     0x4  startup_stm32f401xc.o [1]
  .text            ro code   0x800'1174     0x4  startup_stm32f401xc.o [1]
  .text            ro code   0x800'1178     0x4  startup_stm32f401xc.o [1]
  .text            ro code   0x800'117c     0x4  startup_stm32f401xc.o [1]
  .text            ro code   0x800'1180     0x4  startup_stm32f401xc.o [1]
  .text            ro code   0x800'1184     0x4  startup_stm32f401xc.o [1]
  .text            ro code   0x800'1188     0x4  startup_stm32f401xc.o [1]
  .text            ro code   0x800'118c     0x4  startup_stm32f401xc.o [1]
  .text            ro code   0x800'1190     0x4  startup_stm32f401xc.o [1]
  .text            ro code   0x800'1194     0x4  startup_stm32f401xc.o [1]
  .text            ro code   0x800'1198     0x4  startup_stm32f401xc.o [1]
  .text            ro code   0x800'119c     0x4  startup_stm32f401xc.o [1]
  .text            ro code   0x800'11a0     0x4  startup_stm32f401xc.o [1]
  .rodata          const     0x800'11a4     0x0  zero_init3.o [4]
                           - 0x800'11a4  0x1010

"P2", part 1 of 2:                         0x28
  .bss             zero     0x2000'0000     0xc  main.o [1]
  .bss             zero     0x2000'000c     0x4  delay.o [1]
  .bss             zero     0x2000'0010     0x8  main.o [1]
  .bss             zero     0x2000'0018     0x4  main.o [1]
  .bss             zero     0x2000'001c     0x4  main.o [1]
  .bss             zero     0x2000'0020     0x4  main.o [1]
  .bss             zero     0x2000'0024     0x2  L3GD20.o [1]
  .bss             zero     0x2000'0026     0x1  main.o [1]
  .bss             zero     0x2000'0027     0x1  stm32f4xx_it.o [1]
                          - 0x2000'0028    0x28

"P2", part 2 of 2:                       0x2000
  CSTACK                    0x2000'0028  0x2000  <Block>
    CSTACK         uninit   0x2000'0028  0x2000  <Block tail>
                          - 0x2000'2028  0x2000

Unused ranges:

         From           To      Size
         ----           --      ----
   0x800'11a4   0x803'ffff  0x3'ee5c
  0x2000'2028  0x2000'ffff    0xdfd8


*******************************************************************************
*** INIT TABLE
***

          Address      Size
          -------      ----
Zero (__iar_zero_init3)
    1 destination range, total size 0x28:
          0x2000'0000  0x28



*******************************************************************************
*** MODULE SUMMARY
***

    Module                 ro code  ro data  rw data
    ------                 -------  -------  -------
command line/config:
    ------------------------------------------------
    Total:

C:\Users\aldy\Documents\InvertedPendulum\Debug\Obj: [1]
    L3GD20.o                   324                 2
    LSM303DLHC.o               204
    Led.o                       52
    delay.o                     20                 4
    main.o                   1'028                33
    startup_stm32f401xc.o      620
    stm32f4xx_it.o             104                 1
    system_stm32f4xx.o         132
    ------------------------------------------------
    Total:                   2'484                40

dl7M_tln.a: [2]
    exit.o                       4
    low_level_init.o             4
    ------------------------------------------------
    Total:                       8

m7M_tls.a: [3]
    DblAdd.o                   378
    DblDiv.o                   582
    DblMul.o                   418
    DblSub.o                   210
    DblToFlt.o                 104
    FltToDbl.o                  72
    U32ToDbl.o                  26
    fpinit_M.o                  34
    ------------------------------------------------
    Total:                   1'824

rt7M_tl.a: [4]
    cexit.o                     10
    cmain.o                     30
    cstartup_M.o                12
    data_init.o                 40
    zero_init3.o                58
    ------------------------------------------------
    Total:                     150

shb_l.a: [5]
    exit.o                      20
    ------------------------------------------------
    Total:                      20

    Gaps                        12        2
    Linker created                       16    8'192
----------------------------------------------------
    Grand Total:             4'498       18    8'232


*******************************************************************************
*** ENTRY LIST
***

Entry                       Address   Size  Type      Object
-----                       -------   ----  ----      ------
.iar.init_table$$Base    0x800'1068          --   Gb  - Linker created -
.iar.init_table$$Limit   0x800'1078          --   Gb  - Linker created -
?main                    0x800'1079         Code  Gb  cmain.o [4]
BusFault_Handler         0x800'0fa7    0x2  Code  Gb  stm32f4xx_it.o [1]
CSTACK$$Base            0x2000'0028          --   Gb  - Linker created -
CSTACK$$Limit           0x2000'2028          --   Gb  - Linker created -
DebugMon_Handler         0x800'0fad    0x2  Code  Gb  stm32f4xx_it.o [1]
EXTI0_IRQHandler         0x800'0fb9   0x16  Code  Gb  stm32f4xx_it.o [1]
Gyro_Data               0x2000'0000    0xc  Data  Gb  main.o [1]
HardFault_Handler        0x800'0fa3    0x2  Code  Gb  stm32f4xx_it.o [1]
I2C_Addr                 0x800'05b9   0x22  Code  Lc  LSM303DLHC.o [1]
I2C_Clear_Addr_Flag      0x800'05db   0x10  Code  Lc  LSM303DLHC.o [1]
I2C_Start                0x800'0599   0x14  Code  Lc  LSM303DLHC.o [1]
I2C_Stop                 0x800'05ad    0xc  Code  Lc  LSM303DLHC.o [1]
I2C_Write                0x800'05eb   0x1e  Code  Lc  LSM303DLHC.o [1]
Init                     0x800'02dd  0x16c  Code  Gb  main.o [1]
L3GD20_init              0x800'073d   0x20  Code  Gb  L3GD20.o [1]
L3GD20_read_rates        0x800'075d   0x38  Code  Gb  L3GD20.o [1]
L3GD20_read_reg          0x800'0715   0x28  Code  Gb  L3GD20.o [1]
L3GD20_write_reg         0x800'06f1   0x24  Code  Gb  L3GD20.o [1]
LED                      0x800'0e15   0x34  Code  Gb  Led.o [1]
LSM303DLHC_init          0x800'0651   0x14  Code  Gb  LSM303DLHC.o [1]
LSM303DLHC_set_reg       0x800'0609   0x1a  Code  Lc  LSM303DLHC.o [1]
LSM303DLHC_write_reg     0x800'0623   0x1c  Code  Gb  LSM303DLHC.o [1]
MOTORS                   0x800'0449   0x7a  Code  Gb  main.o [1]
MemManage_Handler        0x800'0fa5    0x2  Code  Gb  stm32f4xx_it.o [1]
NMI_Handler              0x800'0fa1    0x2  Code  Gb  stm32f4xx_it.o [1]
NVIC_EnableIRQ           0x800'0195   0x16  Code  Lc  main.o [1]
NVIC_SetPriority         0x800'01ab   0x2c  Code  Lc  main.o [1]
PendSV_Handler           0x800'0faf    0x2  Code  Gb  stm32f4xx_it.o [1]
Region$$Table$$Base      0x800'1068          --   Gb  - Linker created -
Region$$Table$$Limit     0x800'1078          --   Gb  - Linker created -
SPI_slaveSelect_ctrl     0x800'0665   0x22  Code  Lc  L3GD20.o [1]
SVC_Handler              0x800'0fab    0x2  Code  Gb  stm32f4xx_it.o [1]
SetSysClock              0x800'0f63   0x18  Code  Lc  system_stm32f4xx.o [1]
Spi_sendrecv             0x800'0687   0x6a  Code  Lc  L3GD20.o [1]
SysTick_Config           0x800'01d7   0x32  Code  Lc  main.o [1]
SysTick_Handler          0x800'0fb1    0x8  Code  Gb  stm32f4xx_it.o [1]
SystemInit               0x800'0f1d   0x46  Code  Gb  system_stm32f4xx.o [1]
TIM1_CC_IRQHandler       0x800'1007    0x2  Code  Gb  stm32f4xx_it.o [1]
TIM1_UP_TIM10_IRQHandler
                         0x800'0fcf   0x20  Code  Gb  stm32f4xx_it.o [1]
TIM2_IRQHandler          0x800'1001    0x2  Code  Gb  stm32f4xx_it.o [1]
TIM3_IRQHandler          0x800'1003    0x2  Code  Gb  stm32f4xx_it.o [1]
TIM4_IRQHandler          0x800'1005    0x2  Code  Gb  stm32f4xx_it.o [1]
Tilt                    0x2000'0018    0x4  Data  Gb  main.o [1]
TimeTick_Decrement       0x800'1009   0x10  Code  Gb  delay.o [1]
UsageFault_Handler       0x800'0fa9    0x2  Code  Gb  stm32f4xx_it.o [1]
__aeabi_d2f              0x800'0c09         Code  Gb  DblToFlt.o [3]
__aeabi_dadd             0x800'07f1         Code  Gb  DblAdd.o [3]
__aeabi_ddiv             0x800'09c1         Code  Gb  DblDiv.o [3]
__aeabi_dmul             0x800'0c71         Code  Gb  DblMul.o [3]
__aeabi_f2d              0x800'07a9         Code  Gb  FltToDbl.o [3]
__aeabi_ui2d             0x800'09a5         Code  Gb  U32ToDbl.o [3]
__cmain                  0x800'1079         Code  Gb  cmain.o [4]
__exit                   0x800'10ad   0x14  Code  Gb  exit.o [5]
__iar_dadd               0x800'0e49         Code  Gb  DblSub.o [3]
__iar_data_init3         0x800'101d   0x28  Code  Gb  data_init.o [4]
__iar_dsub               0x800'0801         Code  Gb  DblAdd.o [3]
__iar_dsubStart          0x800'0813         Code  Gb  DblAdd.o [3]
__iar_init_vfp           0x800'1045         Code  Gb  fpinit_M.o [3]
__iar_program_start      0x800'10d1         Code  Gb  cstartup_M.o [4]
__iar_zero_init3         0x800'096b   0x3a  Code  Gb  zero_init3.o [4]
__low_level_init         0x800'1097    0x4  Code  Gb  low_level_init.o [2]
__vector_table           0x800'0000         Data  Gb  startup_stm32f401xc.o [1]
_call_main               0x800'1085         Code  Gb  cmain.o [4]
_exit                    0x800'10a1         Code  Gb  cexit.o [4]
_main                    0x800'1093         Code  Gb  cmain.o [4]
dt_flag                 0x2000'0027    0x1  Data  Gb  stm32f4xx_it.o [1]
exit                     0x800'109b    0x4  Code  Gb  exit.o [2]
i                       0x2000'0020    0x4  Data  Gb  main.o [1]
main                     0x800'0209   0xd4  Code  Gb  main.o [1]
srednia                 0x2000'001c    0x4  Data  Gb  main.o [1]
suma                    0x2000'0010    0x8  Data  Gb  main.o [1]
sysTickCounter          0x2000'000c    0x4  Data  Lc  delay.o [1]
timeout                 0x2000'0024    0x2  Data  Gb  L3GD20.o [1]
zmienna                 0x2000'0026    0x1  Data  Gb  main.o [1]


[1] = C:\Users\aldy\Documents\InvertedPendulum\Debug\Obj
[2] = dl7M_tln.a
[3] = m7M_tls.a
[4] = rt7M_tl.a
[5] = shb_l.a

  4'498 bytes of readonly  code memory
     18 bytes of readonly  data memory
  8'232 bytes of readwrite data memory

Errors: none
Warnings: none
