###############################################################################
#
# IAR ELF Linker V8.40.1.212/W32 for ARM                  25/Jul/2019  16:55:56
# Copyright 2007-2019 IAR Systems AB.
#
#    Output file  =
#        C:\Users\aldy\Documents\InvertedPendulum\Debug\Exe\MasterThesis.out
#    Map file     =
#        C:\Users\aldy\Documents\InvertedPendulum\Debug\List\MasterThesis.map
#    Command line =
#        -f C:\Users\aldy\AppData\Local\Temp\EWE61.tmp
#        (C:\Users\aldy\Documents\InvertedPendulum\Debug\Obj\delay.o
#        C:\Users\aldy\Documents\InvertedPendulum\Debug\Obj\L3GD20.o
#        C:\Users\aldy\Documents\InvertedPendulum\Debug\Obj\Led.o
#        C:\Users\aldy\Documents\InvertedPendulum\Debug\Obj\LSM303DLHC.o
#        C:\Users\aldy\Documents\InvertedPendulum\Debug\Obj\main.o
#        C:\Users\aldy\Documents\InvertedPendulum\Debug\Obj\pid.o
#        C:\Users\aldy\Documents\InvertedPendulum\Debug\Obj\startup_stm32f401xc.o
#        C:\Users\aldy\Documents\InvertedPendulum\Debug\Obj\stm32f4xx_it.o
#        C:\Users\aldy\Documents\InvertedPendulum\Debug\Obj\system_stm32f4xx.o
#        --redirect _Printf=_PrintfFullNoMb --redirect _Scanf=_ScanfFullNoMb
#        --no_out_extension -o
#        C:\Users\aldy\Documents\InvertedPendulum\Debug\Exe\MasterThesis.out
#        --map
#        C:\Users\aldy\Documents\InvertedPendulum\Debug\List\MasterThesis.map
#        --config "C:\Program Files (x86)\IAR Systems\Embedded Workbench
#        8.3\arm\config\linker\ST\stm32f401xC.icf" --semihosting --entry
#        __iar_program_start --vfe --text_out locale)
#
###############################################################################

*******************************************************************************
*** RUNTIME MODEL ATTRIBUTES
***

CppFlavor       = *
__SystemLibrary = DLib
__dlib_version  = 6


*******************************************************************************
*** HEAP SELECTION
***

The basic heap was selected because some modules are built with
size limitations (and not runtime checking), and --advanced_heap
was not specified.


*******************************************************************************
*** PLACEMENT SUMMARY
***

"A0":  place at address 0x800'0000 { ro section .intvec };
"P1":  place in [from 0x800'0000 to 0x803'ffff] { ro };
define block CSTACK with size = 8K, alignment = 8 { };
define block HEAP with size = 8K, alignment = 8 { };
"P2":  place in [from 0x2000'0000 to 0x2000'ffff] {
          rw, block CSTACK, block HEAP };

  Section          Kind         Address    Size  Object
  -------          ----         -------    ----  ------
"A0":                                     0x194
  .intvec          ro code   0x800'0000   0x194  startup_stm32f401xc.o [1]
                           - 0x800'0194   0x194

"P1":                                    0x11d0
  .text            ro code   0x800'0194   0x3fc  main.o [1]
  .text            ro code   0x800'0590    0x34  Led.o [1]
  .text            ro code   0x800'05c4   0x144  L3GD20.o [1]
  .text            ro code   0x800'0708    0x48  FltToDbl.o [3]
  .text            ro code   0x800'0750   0x17a  DblAdd.o [3]
  .text            ro code   0x800'08ca    0x3a  zero_init3.o [4]
  .text            ro code   0x800'0904    0x1a  U32ToDbl.o [3]
  .text            ro code   0x800'0920   0x246  DblDiv.o [3]
  .text            ro code   0x800'0b68    0x68  DblToFlt.o [3]
  .text            ro code   0x800'0bd0   0x198  LSM303DLHC.o [1]
  .text            ro code   0x800'0d68   0x1a2  DblMul.o [3]
  .text            ro code   0x800'0f0c    0x48  atanf.o [3]
  .text            ro code   0x800'0f54    0x10  pid.o [1]
  .text            ro code   0x800'0f64    0xd2  DblSub.o [3]
  .text            ro code   0x800'1038    0xa4  xatanf.o [3]
  .text            ro code   0x800'10dc    0x84  system_stm32f4xx.o [1]
  .text            ro code   0x800'1160    0x68  stm32f4xx_it.o [1]
  .text            ro code   0x800'11c8    0x14  delay.o [1]
  .text            ro code   0x800'11dc    0x28  data_init.o [4]
  .text            ro code   0x800'1204    0x22  fpinit_M.o [3]
  .iar.init_table  const     0x800'1228    0x10  - Linker created -
  .text            ro code   0x800'1238    0x1e  cmain.o [4]
  .text            ro code   0x800'1256     0x4  low_level_init.o [2]
  .text            ro code   0x800'125a     0x4  exit.o [2]
  .text            ro code   0x800'1260     0xa  cexit.o [4]
  .text            ro code   0x800'126c    0x14  exit.o [5]
  .text            ro code   0x800'1280    0x10  startup_stm32f401xc.o [1]
  .text            ro code   0x800'1290     0xc  cstartup_M.o [4]
  .text            ro code   0x800'129c     0x4  startup_stm32f401xc.o [1]
  .text            ro code   0x800'12a0     0x4  startup_stm32f401xc.o [1]
  .text            ro code   0x800'12a4     0x4  startup_stm32f401xc.o [1]
  .text            ro code   0x800'12a8     0x4  startup_stm32f401xc.o [1]
  .text            ro code   0x800'12ac     0x4  startup_stm32f401xc.o [1]
  .text            ro code   0x800'12b0     0x4  startup_stm32f401xc.o [1]
  .text            ro code   0x800'12b4     0x4  startup_stm32f401xc.o [1]
  .text            ro code   0x800'12b8     0x4  startup_stm32f401xc.o [1]
  .text            ro code   0x800'12bc     0x4  startup_stm32f401xc.o [1]
  .text            ro code   0x800'12c0     0x4  startup_stm32f401xc.o [1]
  .text            ro code   0x800'12c4     0x4  startup_stm32f401xc.o [1]
  .text            ro code   0x800'12c8     0x4  startup_stm32f401xc.o [1]
  .text            ro code   0x800'12cc     0x4  startup_stm32f401xc.o [1]
  .text            ro code   0x800'12d0     0x4  startup_stm32f401xc.o [1]
  .text            ro code   0x800'12d4     0x4  startup_stm32f401xc.o [1]
  .text            ro code   0x800'12d8     0x4  startup_stm32f401xc.o [1]
  .text            ro code   0x800'12dc     0x4  startup_stm32f401xc.o [1]
  .text            ro code   0x800'12e0     0x4  startup_stm32f401xc.o [1]
  .text            ro code   0x800'12e4     0x4  startup_stm32f401xc.o [1]
  .text            ro code   0x800'12e8     0x4  startup_stm32f401xc.o [1]
  .text            ro code   0x800'12ec     0x4  startup_stm32f401xc.o [1]
  .text            ro code   0x800'12f0     0x4  startup_stm32f401xc.o [1]
  .text            ro code   0x800'12f4     0x4  startup_stm32f401xc.o [1]
  .text            ro code   0x800'12f8     0x4  startup_stm32f401xc.o [1]
  .text            ro code   0x800'12fc     0x4  startup_stm32f401xc.o [1]
  .text            ro code   0x800'1300     0x4  startup_stm32f401xc.o [1]
  .text            ro code   0x800'1304     0x4  startup_stm32f401xc.o [1]
  .text            ro code   0x800'1308     0x4  startup_stm32f401xc.o [1]
  .text            ro code   0x800'130c     0x4  startup_stm32f401xc.o [1]
  .text            ro code   0x800'1310     0x4  startup_stm32f401xc.o [1]
  .text            ro code   0x800'1314     0x4  startup_stm32f401xc.o [1]
  .text            ro code   0x800'1318     0x4  startup_stm32f401xc.o [1]
  .text            ro code   0x800'131c     0x4  startup_stm32f401xc.o [1]
  .text            ro code   0x800'1320     0x4  startup_stm32f401xc.o [1]
  .text            ro code   0x800'1324     0x4  startup_stm32f401xc.o [1]
  .text            ro code   0x800'1328     0x4  startup_stm32f401xc.o [1]
  .text            ro code   0x800'132c     0x4  startup_stm32f401xc.o [1]
  .text            ro code   0x800'1330     0x4  startup_stm32f401xc.o [1]
  .text            ro code   0x800'1334     0x4  startup_stm32f401xc.o [1]
  .text            ro code   0x800'1338     0x4  startup_stm32f401xc.o [1]
  .text            ro code   0x800'133c     0x4  startup_stm32f401xc.o [1]
  .text            ro code   0x800'1340     0x4  startup_stm32f401xc.o [1]
  .text            ro code   0x800'1344     0x4  startup_stm32f401xc.o [1]
  .text            ro code   0x800'1348     0x4  startup_stm32f401xc.o [1]
  .text            ro code   0x800'134c     0x4  startup_stm32f401xc.o [1]
  .text            ro code   0x800'1350     0x4  startup_stm32f401xc.o [1]
  .text            ro code   0x800'1354     0x4  startup_stm32f401xc.o [1]
  .text            ro code   0x800'1358     0x4  startup_stm32f401xc.o [1]
  .text            ro code   0x800'135c     0x4  startup_stm32f401xc.o [1]
  .text            ro code   0x800'1360     0x4  startup_stm32f401xc.o [1]
  .rodata          const     0x800'1364     0x0  zero_init3.o [4]
                           - 0x800'1364  0x11d0

"P2", part 1 of 2:                         0x38
  .bss             zero     0x2000'0000     0xc  main.o [1]
  .bss             zero     0x2000'000c     0x8  main.o [1]
  .bss             zero     0x2000'0014     0x4  delay.o [1]
  .bss             zero     0x2000'0018     0x8  main.o [1]
  .bss             zero     0x2000'0020     0x4  main.o [1]
  .bss             zero     0x2000'0024     0x4  main.o [1]
  .bss             zero     0x2000'0028     0x4  main.o [1]
  .bss             zero     0x2000'002c     0x4  main.o [1]
  .bss             zero     0x2000'0030     0x4  main.o [1]
  .bss             zero     0x2000'0034     0x2  L3GD20.o [1]
  .bss             zero     0x2000'0036     0x1  main.o [1]
  .bss             zero     0x2000'0037     0x1  stm32f4xx_it.o [1]
                          - 0x2000'0038    0x38

"P2", part 2 of 2:                       0x2000
  CSTACK                    0x2000'0038  0x2000  <Block>
    CSTACK         uninit   0x2000'0038  0x2000  <Block tail>
                          - 0x2000'2038  0x2000

Unused ranges:

         From           To      Size
         ----           --      ----
   0x800'1364   0x803'ffff  0x3'ec9c
  0x2000'2038  0x2000'ffff    0xdfc8


*******************************************************************************
*** INIT TABLE
***

          Address      Size
          -------      ----
Zero (__iar_zero_init3)
    1 destination range, total size 0x38:
          0x2000'0000  0x38



*******************************************************************************
*** MODULE SUMMARY
***

    Module                 ro code  ro data  rw data
    ------                 -------  -------  -------
command line/config:
    ------------------------------------------------
    Total:

C:\Users\aldy\Documents\InvertedPendulum\Debug\Obj: [1]
    L3GD20.o                   324                 2
    LSM303DLHC.o               408
    Led.o                       52
    delay.o                     20                 4
    main.o                   1'020                49
    pid.o                       16
    startup_stm32f401xc.o      620
    stm32f4xx_it.o             104                 1
    system_stm32f4xx.o         132
    ------------------------------------------------
    Total:                   2'696                56

dl7M_tln.a: [2]
    exit.o                       4
    low_level_init.o             4
    ------------------------------------------------
    Total:                       8

m7M_tls.a: [3]
    DblAdd.o                   378
    DblDiv.o                   582
    DblMul.o                   418
    DblSub.o                   210
    DblToFlt.o                 104
    FltToDbl.o                  72
    U32ToDbl.o                  26
    atanf.o                     72
    fpinit_M.o                  34
    xatanf.o                   164
    ------------------------------------------------
    Total:                   2'060

rt7M_tl.a: [4]
    cexit.o                     10
    cmain.o                     30
    cstartup_M.o                12
    data_init.o                 40
    zero_init3.o                58
    ------------------------------------------------
    Total:                     150

shb_l.a: [5]
    exit.o                      20
    ------------------------------------------------
    Total:                      20

    Gaps                        12        2
    Linker created                       16    8'192
----------------------------------------------------
    Grand Total:             4'946       18    8'248


*******************************************************************************
*** ENTRY LIST
***

Entry                       Address   Size  Type      Object
-----                       -------   ----  ----      ------
.iar.init_table$$Base    0x800'1228          --   Gb  - Linker created -
.iar.init_table$$Limit   0x800'1238          --   Gb  - Linker created -
?main                    0x800'1239         Code  Gb  cmain.o [4]
Accelerometer_Data      0x2000'000c    0x8  Data  Gb  main.o [1]
BusFault_Handler         0x800'1167    0x2  Code  Gb  stm32f4xx_it.o [1]
CSTACK$$Base            0x2000'0038          --   Gb  - Linker created -
CSTACK$$Limit           0x2000'2038          --   Gb  - Linker created -
DebugMon_Handler         0x800'116d    0x2  Code  Gb  stm32f4xx_it.o [1]
EXTI0_IRQHandler         0x800'1179   0x16  Code  Gb  stm32f4xx_it.o [1]
Gyro_Data               0x2000'0000    0xc  Data  Gb  main.o [1]
HardFault_Handler        0x800'1163    0x2  Code  Gb  stm32f4xx_it.o [1]
I2C_Addr                 0x800'0bf1   0x22  Code  Lc  LSM303DLHC.o [1]
I2C_Clear_Addr_Flag      0x800'0c13   0x10  Code  Lc  LSM303DLHC.o [1]
I2C_Read                 0x800'0c41   0x30  Code  Lc  LSM303DLHC.o [1]
I2C_Start                0x800'0bd1   0x14  Code  Lc  LSM303DLHC.o [1]
I2C_Stop                 0x800'0be5    0xc  Code  Lc  LSM303DLHC.o [1]
I2C_Write                0x800'0c23   0x1e  Code  Lc  LSM303DLHC.o [1]
Init                     0x800'033b  0x16c  Code  Gb  main.o [1]
L3GD20_init              0x800'069d   0x20  Code  Gb  L3GD20.o [1]
L3GD20_read_rates        0x800'06bd   0x38  Code  Gb  L3GD20.o [1]
L3GD20_read_reg          0x800'0675   0x28  Code  Gb  L3GD20.o [1]
L3GD20_write_reg         0x800'0651   0x24  Code  Gb  L3GD20.o [1]
LED                      0x800'0591   0x34  Code  Gb  Led.o [1]
LSM303DLHC_init          0x800'0d5d    0xc  Code  Gb  LSM303DLHC.o [1]
LSM303DLHC_read_rates    0x800'0d0f   0x4e  Code  Gb  LSM303DLHC.o [1]
LSM303DLHC_read_reg      0x800'0cb7   0x58  Code  Gb  LSM303DLHC.o [1]
LSM303DLHC_set_reg       0x800'0c81   0x1a  Code  Lc  LSM303DLHC.o [1]
LSM303DLHC_write_reg     0x800'0c9b   0x1c  Code  Gb  LSM303DLHC.o [1]
MemManage_Handler        0x800'1165    0x2  Code  Gb  stm32f4xx_it.o [1]
NMI_Handler              0x800'1161    0x2  Code  Gb  stm32f4xx_it.o [1]
NVIC_EnableIRQ           0x800'0195   0x18  Code  Lc  main.o [1]
NVIC_SetPriority         0x800'01ad   0x30  Code  Lc  main.o [1]
PID                      0x800'0f55   0x10  Code  Gb  pid.o [1]
PendSV_Handler           0x800'116f    0x2  Code  Gb  stm32f4xx_it.o [1]
Processed_value         0x2000'0036    0x1  Data  Gb  main.o [1]
Region$$Table$$Base      0x800'1228          --   Gb  - Linker created -
Region$$Table$$Limit     0x800'1238          --   Gb  - Linker created -
SPI_slaveSelect_ctrl     0x800'05c5   0x22  Code  Lc  L3GD20.o [1]
SVC_Handler              0x800'116b    0x2  Code  Gb  stm32f4xx_it.o [1]
SetSysClock              0x800'1123   0x18  Code  Lc  system_stm32f4xx.o [1]
Spi_sendrecv             0x800'05e7   0x6a  Code  Lc  L3GD20.o [1]
SysTick_Config           0x800'01dd   0x32  Code  Lc  main.o [1]
SysTick_Handler          0x800'1171    0x8  Code  Gb  stm32f4xx_it.o [1]
SystemInit               0x800'10dd   0x46  Code  Gb  system_stm32f4xx.o [1]
TIM1_CC_IRQHandler       0x800'11c7    0x2  Code  Gb  stm32f4xx_it.o [1]
TIM1_UP_TIM10_IRQHandler
                         0x800'118f   0x20  Code  Gb  stm32f4xx_it.o [1]
TIM2_IRQHandler          0x800'11c1    0x2  Code  Gb  stm32f4xx_it.o [1]
TIM3_IRQHandler          0x800'11c3    0x2  Code  Gb  stm32f4xx_it.o [1]
TIM4_IRQHandler          0x800'11c5    0x2  Code  Gb  stm32f4xx_it.o [1]
Tilt                    0x2000'0020    0x4  Data  Gb  main.o [1]
Tilt_A                  0x2000'0024    0x4  Data  Gb  main.o [1]
Tilt_G                  0x2000'0028    0x4  Data  Gb  main.o [1]
TimeTick_Decrement       0x800'11c9   0x10  Code  Gb  delay.o [1]
UsageFault_Handler       0x800'1169    0x2  Code  Gb  stm32f4xx_it.o [1]
__aeabi_d2f              0x800'0b69         Code  Gb  DblToFlt.o [3]
__aeabi_dadd             0x800'0751         Code  Gb  DblAdd.o [3]
__aeabi_ddiv             0x800'0921         Code  Gb  DblDiv.o [3]
__aeabi_dmul             0x800'0d69         Code  Gb  DblMul.o [3]
__aeabi_f2d              0x800'0709         Code  Gb  FltToDbl.o [3]
__aeabi_ui2d             0x800'0905         Code  Gb  U32ToDbl.o [3]
__cmain                  0x800'1239         Code  Gb  cmain.o [4]
__exit                   0x800'126d   0x14  Code  Gb  exit.o [5]
__iar_atan32             0x800'0f0d         Code  Gb  atanf.o [3]
__iar_dadd               0x800'0f65         Code  Gb  DblSub.o [3]
__iar_data_init3         0x800'11dd   0x28  Code  Gb  data_init.o [4]
__iar_dsub               0x800'0761         Code  Gb  DblAdd.o [3]
__iar_dsubStart          0x800'0773         Code  Gb  DblAdd.o [3]
__iar_init_vfp           0x800'1205         Code  Gb  fpinit_M.o [3]
__iar_program_start      0x800'1291         Code  Gb  cstartup_M.o [4]
__iar_xatanf             0x800'1039         Code  Gb  xatanf.o [3]
__iar_zero_init3         0x800'08cb   0x3a  Code  Gb  zero_init3.o [4]
__low_level_init         0x800'1257    0x4  Code  Gb  low_level_init.o [2]
__vector_table           0x800'0000         Data  Gb  startup_stm32f401xc.o [1]
_call_main               0x800'1245         Code  Gb  cmain.o [4]
_exit                    0x800'1261         Code  Gb  cexit.o [4]
_main                    0x800'1253         Code  Gb  cmain.o [4]
atanf                    0x800'0f0d         Code  Gb  atanf.o [3]
dt_flag                 0x2000'0037    0x1  Data  Gb  stm32f4xx_it.o [1]
exit                     0x800'125b    0x4  Code  Gb  exit.o [2]
i                       0x2000'0030    0x4  Data  Gb  main.o [1]
main                     0x800'0211  0x12a  Code  Gb  main.o [1]
srednia                 0x2000'002c    0x4  Data  Gb  main.o [1]
suma                    0x2000'0018    0x8  Data  Gb  main.o [1]
sysTickCounter          0x2000'0014    0x4  Data  Lc  delay.o [1]
timeout                 0x2000'0034    0x2  Data  Gb  L3GD20.o [1]


[1] = C:\Users\aldy\Documents\InvertedPendulum\Debug\Obj
[2] = dl7M_tln.a
[3] = m7M_tls.a
[4] = rt7M_tl.a
[5] = shb_l.a

  4'946 bytes of readonly  code memory
     18 bytes of readonly  data memory
  8'248 bytes of readwrite data memory

Errors: none
Warnings: none
