###############################################################################
#
# IAR ELF Linker V8.40.1.212/W32 for ARM                  24/Jul/2019  16:05:50
# Copyright 2007-2019 IAR Systems AB.
#
#    Output file  =
#        C:\Users\aldy\Documents\InvertedPendulum\Debug\Exe\MasterThesis.out
#    Map file     =
#        C:\Users\aldy\Documents\InvertedPendulum\Debug\List\MasterThesis.map
#    Command line =
#        -f C:\Users\aldy\AppData\Local\Temp\EWD1A3.tmp
#        (C:\Users\aldy\Documents\InvertedPendulum\Debug\Obj\delay.o
#        C:\Users\aldy\Documents\InvertedPendulum\Debug\Obj\L3GD20.o
#        C:\Users\aldy\Documents\InvertedPendulum\Debug\Obj\Led.o
#        C:\Users\aldy\Documents\InvertedPendulum\Debug\Obj\LSM303DLHC.o
#        C:\Users\aldy\Documents\InvertedPendulum\Debug\Obj\main.o
#        C:\Users\aldy\Documents\InvertedPendulum\Debug\Obj\startup_stm32f401xc.o
#        C:\Users\aldy\Documents\InvertedPendulum\Debug\Obj\stm32f4xx_it.o
#        C:\Users\aldy\Documents\InvertedPendulum\Debug\Obj\system_stm32f4xx.o
#        --redirect _Printf=_PrintfFullNoMb --redirect _Scanf=_ScanfFullNoMb
#        --no_out_extension -o
#        C:\Users\aldy\Documents\InvertedPendulum\Debug\Exe\MasterThesis.out
#        --map
#        C:\Users\aldy\Documents\InvertedPendulum\Debug\List\MasterThesis.map
#        --config "C:\Program Files (x86)\IAR Systems\Embedded Workbench
#        8.3\arm\config\linker\ST\stm32f401xC.icf" --semihosting --entry
#        __iar_program_start --vfe --text_out locale)
#
###############################################################################

*******************************************************************************
*** RUNTIME MODEL ATTRIBUTES
***

CppFlavor       = *
__SystemLibrary = DLib
__dlib_version  = 6


*******************************************************************************
*** HEAP SELECTION
***

The basic heap was selected because some modules are built with
size limitations (and not runtime checking), and --advanced_heap
was not specified.


*******************************************************************************
*** PLACEMENT SUMMARY
***

"A0":  place at address 0x800'0000 { ro section .intvec };
"P1":  place in [from 0x800'0000 to 0x803'ffff] { ro };
define block CSTACK with size = 8K, alignment = 8 { };
define block HEAP with size = 8K, alignment = 8 { };
"P2":  place in [from 0x2000'0000 to 0x2000'ffff] {
          rw, block CSTACK, block HEAP };

  Section          Kind         Address    Size  Object
  -------          ----         -------    ----  ------
"A0":                                     0x194
  .intvec          ro code   0x800'0000   0x194  startup_stm32f401xc.o [1]
                           - 0x800'0194   0x194

"P1":                                    0x10f8
  .text            ro code   0x800'0194   0x438  main.o [1]
  .text            ro code   0x800'05cc    0x34  Led.o [1]
  .text            ro code   0x800'0600   0x144  L3GD20.o [1]
  .text            ro code   0x800'0744    0x48  FltToDbl.o [3]
  .text            ro code   0x800'078c   0x17a  DblAdd.o [3]
  .text            ro code   0x800'0906    0x3a  zero_init3.o [4]
  .text            ro code   0x800'0940    0x1a  U32ToDbl.o [3]
  .text            ro code   0x800'095c   0x246  DblDiv.o [3]
  .text            ro code   0x800'0ba4    0x68  DblToFlt.o [3]
  .text            ro code   0x800'0c0c   0x180  LSM303DLHC.o [1]
  .text            ro code   0x800'0d8c   0x1a2  DblMul.o [3]
  .text            ro code   0x800'0f30    0xd2  DblSub.o [3]
  .text            ro code   0x800'1004    0x84  system_stm32f4xx.o [1]
  .text            ro code   0x800'1088    0x68  stm32f4xx_it.o [1]
  .text            ro code   0x800'10f0    0x14  delay.o [1]
  .text            ro code   0x800'1104    0x28  data_init.o [4]
  .text            ro code   0x800'112c    0x22  fpinit_M.o [3]
  .iar.init_table  const     0x800'1150    0x10  - Linker created -
  .text            ro code   0x800'1160    0x1e  cmain.o [4]
  .text            ro code   0x800'117e     0x4  low_level_init.o [2]
  .text            ro code   0x800'1182     0x4  exit.o [2]
  .text            ro code   0x800'1188     0xa  cexit.o [4]
  .text            ro code   0x800'1194    0x14  exit.o [5]
  .text            ro code   0x800'11a8    0x10  startup_stm32f401xc.o [1]
  .text            ro code   0x800'11b8     0xc  cstartup_M.o [4]
  .text            ro code   0x800'11c4     0x4  startup_stm32f401xc.o [1]
  .text            ro code   0x800'11c8     0x4  startup_stm32f401xc.o [1]
  .text            ro code   0x800'11cc     0x4  startup_stm32f401xc.o [1]
  .text            ro code   0x800'11d0     0x4  startup_stm32f401xc.o [1]
  .text            ro code   0x800'11d4     0x4  startup_stm32f401xc.o [1]
  .text            ro code   0x800'11d8     0x4  startup_stm32f401xc.o [1]
  .text            ro code   0x800'11dc     0x4  startup_stm32f401xc.o [1]
  .text            ro code   0x800'11e0     0x4  startup_stm32f401xc.o [1]
  .text            ro code   0x800'11e4     0x4  startup_stm32f401xc.o [1]
  .text            ro code   0x800'11e8     0x4  startup_stm32f401xc.o [1]
  .text            ro code   0x800'11ec     0x4  startup_stm32f401xc.o [1]
  .text            ro code   0x800'11f0     0x4  startup_stm32f401xc.o [1]
  .text            ro code   0x800'11f4     0x4  startup_stm32f401xc.o [1]
  .text            ro code   0x800'11f8     0x4  startup_stm32f401xc.o [1]
  .text            ro code   0x800'11fc     0x4  startup_stm32f401xc.o [1]
  .text            ro code   0x800'1200     0x4  startup_stm32f401xc.o [1]
  .text            ro code   0x800'1204     0x4  startup_stm32f401xc.o [1]
  .text            ro code   0x800'1208     0x4  startup_stm32f401xc.o [1]
  .text            ro code   0x800'120c     0x4  startup_stm32f401xc.o [1]
  .text            ro code   0x800'1210     0x4  startup_stm32f401xc.o [1]
  .text            ro code   0x800'1214     0x4  startup_stm32f401xc.o [1]
  .text            ro code   0x800'1218     0x4  startup_stm32f401xc.o [1]
  .text            ro code   0x800'121c     0x4  startup_stm32f401xc.o [1]
  .text            ro code   0x800'1220     0x4  startup_stm32f401xc.o [1]
  .text            ro code   0x800'1224     0x4  startup_stm32f401xc.o [1]
  .text            ro code   0x800'1228     0x4  startup_stm32f401xc.o [1]
  .text            ro code   0x800'122c     0x4  startup_stm32f401xc.o [1]
  .text            ro code   0x800'1230     0x4  startup_stm32f401xc.o [1]
  .text            ro code   0x800'1234     0x4  startup_stm32f401xc.o [1]
  .text            ro code   0x800'1238     0x4  startup_stm32f401xc.o [1]
  .text            ro code   0x800'123c     0x4  startup_stm32f401xc.o [1]
  .text            ro code   0x800'1240     0x4  startup_stm32f401xc.o [1]
  .text            ro code   0x800'1244     0x4  startup_stm32f401xc.o [1]
  .text            ro code   0x800'1248     0x4  startup_stm32f401xc.o [1]
  .text            ro code   0x800'124c     0x4  startup_stm32f401xc.o [1]
  .text            ro code   0x800'1250     0x4  startup_stm32f401xc.o [1]
  .text            ro code   0x800'1254     0x4  startup_stm32f401xc.o [1]
  .text            ro code   0x800'1258     0x4  startup_stm32f401xc.o [1]
  .text            ro code   0x800'125c     0x4  startup_stm32f401xc.o [1]
  .text            ro code   0x800'1260     0x4  startup_stm32f401xc.o [1]
  .text            ro code   0x800'1264     0x4  startup_stm32f401xc.o [1]
  .text            ro code   0x800'1268     0x4  startup_stm32f401xc.o [1]
  .text            ro code   0x800'126c     0x4  startup_stm32f401xc.o [1]
  .text            ro code   0x800'1270     0x4  startup_stm32f401xc.o [1]
  .text            ro code   0x800'1274     0x4  startup_stm32f401xc.o [1]
  .text            ro code   0x800'1278     0x4  startup_stm32f401xc.o [1]
  .text            ro code   0x800'127c     0x4  startup_stm32f401xc.o [1]
  .text            ro code   0x800'1280     0x4  startup_stm32f401xc.o [1]
  .text            ro code   0x800'1284     0x4  startup_stm32f401xc.o [1]
  .text            ro code   0x800'1288     0x4  startup_stm32f401xc.o [1]
  .rodata          const     0x800'128c     0x0  zero_init3.o [4]
                           - 0x800'128c  0x10f8

"P2", part 1 of 2:                         0x34
  .bss             zero     0x2000'0000     0xc  main.o [1]
  .bss             zero     0x2000'000c     0x8  main.o [1]
  .bss             zero     0x2000'0014     0x4  delay.o [1]
  .bss             zero     0x2000'0018     0x8  main.o [1]
  .bss             zero     0x2000'0020     0x4  main.o [1]
  .bss             zero     0x2000'0024     0x4  main.o [1]
  .bss             zero     0x2000'0028     0x4  main.o [1]
  .bss             zero     0x2000'002c     0x2  L3GD20.o [1]
  .bss             zero     0x2000'002e     0x2  main.o [1]
  .bss             zero     0x2000'0030     0x1  main.o [1]
  .bss             zero     0x2000'0031     0x1  main.o [1]
  .bss             zero     0x2000'0032     0x1  stm32f4xx_it.o [1]
                          - 0x2000'0033    0x33

"P2", part 2 of 2:                       0x2000
  CSTACK                    0x2000'0038  0x2000  <Block>
    CSTACK         uninit   0x2000'0038  0x2000  <Block tail>
                          - 0x2000'2038  0x2000

Unused ranges:

         From           To      Size
         ----           --      ----
   0x800'128c   0x803'ffff  0x3'ed74
  0x2000'0034  0x2000'0037       0x4
  0x2000'2038  0x2000'ffff    0xdfc8


*******************************************************************************
*** INIT TABLE
***

          Address      Size
          -------      ----
Zero (__iar_zero_init3)
    1 destination range, total size 0x33:
          0x2000'0000  0x33



*******************************************************************************
*** MODULE SUMMARY
***

    Module                 ro code  ro data  rw data
    ------                 -------  -------  -------
command line/config:
    ------------------------------------------------
    Total:

C:\Users\aldy\Documents\InvertedPendulum\Debug\Obj: [1]
    L3GD20.o                   324                 2
    LSM303DLHC.o               384
    Led.o                       52
    delay.o                     20                 4
    main.o                   1'080                44
    startup_stm32f401xc.o      620
    stm32f4xx_it.o             104                 1
    system_stm32f4xx.o         132
    ------------------------------------------------
    Total:                   2'716                51

dl7M_tln.a: [2]
    exit.o                       4
    low_level_init.o             4
    ------------------------------------------------
    Total:                       8

m7M_tls.a: [3]
    DblAdd.o                   378
    DblDiv.o                   582
    DblMul.o                   418
    DblSub.o                   210
    DblToFlt.o                 104
    FltToDbl.o                  72
    U32ToDbl.o                  26
    fpinit_M.o                  34
    ------------------------------------------------
    Total:                   1'824

rt7M_tl.a: [4]
    cexit.o                     10
    cmain.o                     30
    cstartup_M.o                12
    data_init.o                 40
    zero_init3.o                58
    ------------------------------------------------
    Total:                     150

shb_l.a: [5]
    exit.o                      20
    ------------------------------------------------
    Total:                      20

    Gaps                        12        2
    Linker created                       16    8'192
----------------------------------------------------
    Grand Total:             4'730       18    8'243


*******************************************************************************
*** ENTRY LIST
***

Entry                       Address   Size  Type      Object
-----                       -------   ----  ----      ------
.iar.init_table$$Base    0x800'1150          --   Gb  - Linker created -
.iar.init_table$$Limit   0x800'1160          --   Gb  - Linker created -
?main                    0x800'1161         Code  Gb  cmain.o [4]
Accelerometer_Data      0x2000'000c    0x8  Data  Gb  main.o [1]
BusFault_Handler         0x800'108f    0x2  Code  Gb  stm32f4xx_it.o [1]
CSTACK$$Base            0x2000'0038          --   Gb  - Linker created -
CSTACK$$Limit           0x2000'2038          --   Gb  - Linker created -
DebugMon_Handler         0x800'1095    0x2  Code  Gb  stm32f4xx_it.o [1]
EXTI0_IRQHandler         0x800'10a1   0x16  Code  Gb  stm32f4xx_it.o [1]
Gyro_Data               0x2000'0000    0xc  Data  Gb  main.o [1]
HardFault_Handler        0x800'108b    0x2  Code  Gb  stm32f4xx_it.o [1]
I2C_Addr                 0x800'0c2d   0x22  Code  Lc  LSM303DLHC.o [1]
I2C_Clear_Addr_Flag      0x800'0c4f   0x10  Code  Lc  LSM303DLHC.o [1]
I2C_Start                0x800'0c0d   0x14  Code  Lc  LSM303DLHC.o [1]
I2C_Stop                 0x800'0c21    0xc  Code  Lc  LSM303DLHC.o [1]
I2C_Write                0x800'0c5f   0x1e  Code  Lc  LSM303DLHC.o [1]
Init                     0x800'0305  0x16c  Code  Gb  main.o [1]
L3GD20_init              0x800'06d9   0x20  Code  Gb  L3GD20.o [1]
L3GD20_read_rates        0x800'06f9   0x38  Code  Gb  L3GD20.o [1]
L3GD20_read_reg          0x800'06b1   0x28  Code  Gb  L3GD20.o [1]
L3GD20_write_reg         0x800'068d   0x24  Code  Gb  L3GD20.o [1]
LED                      0x800'05cd   0x34  Code  Gb  Led.o [1]
LSM303DLHC_init          0x800'0d4d   0x14  Code  Gb  LSM303DLHC.o [1]
LSM303DLHC_read_rates    0x800'0d61   0x2c  Code  Gb  LSM303DLHC.o [1]
LSM303DLHC_read_reg      0x800'0cb3   0x88  Code  Gb  LSM303DLHC.o [1]
LSM303DLHC_set_reg       0x800'0c7d   0x1a  Code  Lc  LSM303DLHC.o [1]
LSM303DLHC_write_reg     0x800'0c97   0x1c  Code  Gb  LSM303DLHC.o [1]
MOTORS                   0x800'0471   0x7a  Code  Gb  main.o [1]
MemManage_Handler        0x800'108d    0x2  Code  Gb  stm32f4xx_it.o [1]
NMI_Handler              0x800'1089    0x2  Code  Gb  stm32f4xx_it.o [1]
NVIC_EnableIRQ           0x800'0195   0x18  Code  Lc  main.o [1]
NVIC_SetPriority         0x800'01ad   0x2c  Code  Lc  main.o [1]
PendSV_Handler           0x800'1097    0x2  Code  Gb  stm32f4xx_it.o [1]
Region$$Table$$Base      0x800'1150          --   Gb  - Linker created -
Region$$Table$$Limit     0x800'1160          --   Gb  - Linker created -
SPI_slaveSelect_ctrl     0x800'0601   0x22  Code  Lc  L3GD20.o [1]
SVC_Handler              0x800'1093    0x2  Code  Gb  stm32f4xx_it.o [1]
SetSysClock              0x800'104b   0x18  Code  Lc  system_stm32f4xx.o [1]
Spi_sendrecv             0x800'0623   0x6a  Code  Lc  L3GD20.o [1]
SysTick_Config           0x800'01d9   0x32  Code  Lc  main.o [1]
SysTick_Handler          0x800'1099    0x8  Code  Gb  stm32f4xx_it.o [1]
SystemInit               0x800'1005   0x46  Code  Gb  system_stm32f4xx.o [1]
TIM1_CC_IRQHandler       0x800'10ef    0x2  Code  Gb  stm32f4xx_it.o [1]
TIM1_UP_TIM10_IRQHandler
                         0x800'10b7   0x20  Code  Gb  stm32f4xx_it.o [1]
TIM2_IRQHandler          0x800'10e9    0x2  Code  Gb  stm32f4xx_it.o [1]
TIM3_IRQHandler          0x800'10eb    0x2  Code  Gb  stm32f4xx_it.o [1]
TIM4_IRQHandler          0x800'10ed    0x2  Code  Gb  stm32f4xx_it.o [1]
Tilt                    0x2000'0020    0x4  Data  Gb  main.o [1]
TimeTick_Decrement       0x800'10f1   0x10  Code  Gb  delay.o [1]
UsageFault_Handler       0x800'1091    0x2  Code  Gb  stm32f4xx_it.o [1]
__aeabi_d2f              0x800'0ba5         Code  Gb  DblToFlt.o [3]
__aeabi_dadd             0x800'078d         Code  Gb  DblAdd.o [3]
__aeabi_ddiv             0x800'095d         Code  Gb  DblDiv.o [3]
__aeabi_dmul             0x800'0d8d         Code  Gb  DblMul.o [3]
__aeabi_f2d              0x800'0745         Code  Gb  FltToDbl.o [3]
__aeabi_ui2d             0x800'0941         Code  Gb  U32ToDbl.o [3]
__cmain                  0x800'1161         Code  Gb  cmain.o [4]
__exit                   0x800'1195   0x14  Code  Gb  exit.o [5]
__iar_dadd               0x800'0f31         Code  Gb  DblSub.o [3]
__iar_data_init3         0x800'1105   0x28  Code  Gb  data_init.o [4]
__iar_dsub               0x800'079d         Code  Gb  DblAdd.o [3]
__iar_dsubStart          0x800'07af         Code  Gb  DblAdd.o [3]
__iar_init_vfp           0x800'112d         Code  Gb  fpinit_M.o [3]
__iar_program_start      0x800'11b9         Code  Gb  cstartup_M.o [4]
__iar_zero_init3         0x800'0907   0x3a  Code  Gb  zero_init3.o [4]
__low_level_init         0x800'117f    0x4  Code  Gb  low_level_init.o [2]
__vector_table           0x800'0000         Data  Gb  startup_stm32f401xc.o [1]
_call_main               0x800'116d         Code  Gb  cmain.o [4]
_exit                    0x800'1189         Code  Gb  cexit.o [4]
_main                    0x800'117b         Code  Gb  cmain.o [4]
costam                  0x2000'0031    0x1  Data  Gb  main.o [1]
costam2                 0x2000'002e    0x2  Data  Gb  main.o [1]
dt_flag                 0x2000'0032    0x1  Data  Gb  stm32f4xx_it.o [1]
exit                     0x800'1183    0x4  Code  Gb  exit.o [2]
i                       0x2000'0028    0x4  Data  Gb  main.o [1]
main                     0x800'020b   0xfa  Code  Gb  main.o [1]
srednia                 0x2000'0024    0x4  Data  Gb  main.o [1]
suma                    0x2000'0018    0x8  Data  Gb  main.o [1]
sysTickCounter          0x2000'0014    0x4  Data  Lc  delay.o [1]
timeout                 0x2000'002c    0x2  Data  Gb  L3GD20.o [1]
zmienna                 0x2000'0030    0x1  Data  Gb  main.o [1]


[1] = C:\Users\aldy\Documents\InvertedPendulum\Debug\Obj
[2] = dl7M_tln.a
[3] = m7M_tls.a
[4] = rt7M_tl.a
[5] = shb_l.a

  4'730 bytes of readonly  code memory
     18 bytes of readonly  data memory
  8'243 bytes of readwrite data memory

Errors: none
Warnings: none
