###############################################################################
#
# IAR ELF Linker V8.40.1.212/W32 for ARM                  29/Aug/2019  12:26:52
# Copyright 2007-2019 IAR Systems AB.
#
#    Output file  =
#        C:\Users\aldy\Documents\InvertedPendulum\Debug\Exe\MasterThesis.out
#    Map file     =
#        C:\Users\aldy\Documents\InvertedPendulum\Debug\List\MasterThesis.map
#    Command line =
#        -f C:\Users\aldy\AppData\Local\Temp\EWC729.tmp
#        (C:\Users\aldy\Documents\InvertedPendulum\Debug\Obj\delay.o
#        C:\Users\aldy\Documents\InvertedPendulum\Debug\Obj\fuzzy_pid.o
#        C:\Users\aldy\Documents\InvertedPendulum\Debug\Obj\L3GD20.o
#        C:\Users\aldy\Documents\InvertedPendulum\Debug\Obj\Led.o
#        C:\Users\aldy\Documents\InvertedPendulum\Debug\Obj\LSM303DLHC.o
#        C:\Users\aldy\Documents\InvertedPendulum\Debug\Obj\main.o
#        C:\Users\aldy\Documents\InvertedPendulum\Debug\Obj\motors.o
#        C:\Users\aldy\Documents\InvertedPendulum\Debug\Obj\pid.o
#        C:\Users\aldy\Documents\InvertedPendulum\Debug\Obj\startup_stm32f401xc.o
#        C:\Users\aldy\Documents\InvertedPendulum\Debug\Obj\stm32f4_gpio.o
#        C:\Users\aldy\Documents\InvertedPendulum\Debug\Obj\stm32f4_i2c.o
#        C:\Users\aldy\Documents\InvertedPendulum\Debug\Obj\stm32f4_spi.o
#        C:\Users\aldy\Documents\InvertedPendulum\Debug\Obj\stm32f4xx_it.o
#        C:\Users\aldy\Documents\InvertedPendulum\Debug\Obj\system_stm32f4xx.o
#        --redirect _Printf=_PrintfFullNoMb --redirect _Scanf=_ScanfFullNoMb
#        --no_out_extension -o
#        C:\Users\aldy\Documents\InvertedPendulum\Debug\Exe\MasterThesis.out
#        --map
#        C:\Users\aldy\Documents\InvertedPendulum\Debug\List\MasterThesis.map
#        --config "C:\Program Files (x86)\IAR Systems\Embedded Workbench
#        8.3\arm\config\linker\ST\stm32f401xC.icf" --semihosting --entry
#        __iar_program_start --vfe --text_out locale)
#
###############################################################################

*******************************************************************************
*** RUNTIME MODEL ATTRIBUTES
***

CppFlavor       = *
__SystemLibrary = DLib
__dlib_version  = 6


*******************************************************************************
*** HEAP SELECTION
***

The basic heap was selected because some modules are built with
size limitations (and not runtime checking), and --advanced_heap
was not specified.


*******************************************************************************
*** PLACEMENT SUMMARY
***

"A0":  place at address 0x800'0000 { ro section .intvec };
"P1":  place in [from 0x800'0000 to 0x803'ffff] { ro };
define block CSTACK with size = 8K, alignment = 8 { };
define block HEAP with size = 8K, alignment = 8 { };
"P2":  place in [from 0x2000'0000 to 0x2000'ffff] {
          rw, block CSTACK, block HEAP };

  Section          Kind         Address    Size  Object
  -------          ----         -------    ----  ------
"A0":                                     0x194
  .intvec          ro code   0x800'0000   0x194  startup_stm32f401xc.o [1]
                           - 0x800'0194   0x194

"P1":                                    0x15cc
  .text            ro code   0x800'0194   0x246  DblDiv.o [3]
  .text            ro code   0x800'03da    0x3a  zero_init3.o [4]
  .text            ro code   0x800'0414   0x208  main.o [1]
  .text            ro code   0x800'061c   0x18c  L3GD20.o [1]
  .text            ro code   0x800'07a8    0x48  FltToDbl.o [3]
  .text            ro code   0x800'07f0   0x17a  DblAdd.o [3]
  .text            ro code   0x800'096c    0x1a  U32ToDbl.o [3]
  .text            ro code   0x800'0988    0x68  DblToFlt.o [3]
  .text            ro code   0x800'09f0    0x88  Led.o [1]
  .text            ro code   0x800'0a78    0xcc  LSM303DLHC.o [1]
  .text            ro code   0x800'0b44   0x1a2  DblMul.o [3]
  .text            ro code   0x800'0ce8    0x48  atanf.o [3]
  .text            ro code   0x800'0d30    0xf8  pid.o [1]
  .text            ro code   0x800'0e28   0x1b0  motors.o [1]
  .text            ro code   0x800'0fd8    0xfc  stm32f4_gpio.o [1]
  .text            ro code   0x800'10d4    0xc8  stm32f4_spi.o [1]
  .text            ro code   0x800'119c    0xd2  DblSub.o [3]
  .text            ro code   0x800'1270   0x1bc  stm32f4_i2c.o [1]
  .text            ro code   0x800'142c    0xa4  xatanf.o [3]
  .text            ro code   0x800'14d0    0x3a  DblToS32.o [3]
  .text            ro code   0x800'150c    0x68  system_stm32f4xx.o [1]
  .text            ro code   0x800'1574    0x66  stm32f4xx_it.o [1]
  .text            ro code   0x800'15dc    0x28  data_init.o [4]
  .text            ro code   0x800'1604    0x22  fpinit_M.o [3]
  .iar.init_table  const     0x800'1628    0x10  - Linker created -
  .text            ro code   0x800'1638    0x1e  cmain.o [4]
  .text            ro code   0x800'1656     0x4  low_level_init.o [2]
  .text            ro code   0x800'165a     0x4  exit.o [2]
  .text            ro code   0x800'1660     0xa  cexit.o [4]
  .text            ro code   0x800'166c    0x14  exit.o [5]
  .text            ro code   0x800'1680    0x10  startup_stm32f401xc.o [1]
  .text            ro code   0x800'1690     0xc  cstartup_M.o [4]
  .text            ro code   0x800'169c     0x4  startup_stm32f401xc.o [1]
  .text            ro code   0x800'16a0     0x4  startup_stm32f401xc.o [1]
  .text            ro code   0x800'16a4     0x4  startup_stm32f401xc.o [1]
  .text            ro code   0x800'16a8     0x4  startup_stm32f401xc.o [1]
  .text            ro code   0x800'16ac     0x4  startup_stm32f401xc.o [1]
  .text            ro code   0x800'16b0     0x4  startup_stm32f401xc.o [1]
  .text            ro code   0x800'16b4     0x4  startup_stm32f401xc.o [1]
  .text            ro code   0x800'16b8     0x4  startup_stm32f401xc.o [1]
  .text            ro code   0x800'16bc     0x4  startup_stm32f401xc.o [1]
  .text            ro code   0x800'16c0     0x4  startup_stm32f401xc.o [1]
  .text            ro code   0x800'16c4     0x4  startup_stm32f401xc.o [1]
  .text            ro code   0x800'16c8     0x4  startup_stm32f401xc.o [1]
  .text            ro code   0x800'16cc     0x4  startup_stm32f401xc.o [1]
  .text            ro code   0x800'16d0     0x4  startup_stm32f401xc.o [1]
  .text            ro code   0x800'16d4     0x4  startup_stm32f401xc.o [1]
  .text            ro code   0x800'16d8     0x4  startup_stm32f401xc.o [1]
  .text            ro code   0x800'16dc     0x4  startup_stm32f401xc.o [1]
  .text            ro code   0x800'16e0     0x4  startup_stm32f401xc.o [1]
  .text            ro code   0x800'16e4     0x4  startup_stm32f401xc.o [1]
  .text            ro code   0x800'16e8     0x4  startup_stm32f401xc.o [1]
  .text            ro code   0x800'16ec     0x4  startup_stm32f401xc.o [1]
  .text            ro code   0x800'16f0     0x4  startup_stm32f401xc.o [1]
  .text            ro code   0x800'16f4     0x4  startup_stm32f401xc.o [1]
  .text            ro code   0x800'16f8     0x4  startup_stm32f401xc.o [1]
  .text            ro code   0x800'16fc     0x4  startup_stm32f401xc.o [1]
  .text            ro code   0x800'1700     0x4  startup_stm32f401xc.o [1]
  .text            ro code   0x800'1704     0x4  startup_stm32f401xc.o [1]
  .text            ro code   0x800'1708     0x4  startup_stm32f401xc.o [1]
  .text            ro code   0x800'170c     0x4  startup_stm32f401xc.o [1]
  .text            ro code   0x800'1710     0x4  startup_stm32f401xc.o [1]
  .text            ro code   0x800'1714     0x4  startup_stm32f401xc.o [1]
  .text            ro code   0x800'1718     0x4  startup_stm32f401xc.o [1]
  .text            ro code   0x800'171c     0x4  startup_stm32f401xc.o [1]
  .text            ro code   0x800'1720     0x4  startup_stm32f401xc.o [1]
  .text            ro code   0x800'1724     0x4  startup_stm32f401xc.o [1]
  .text            ro code   0x800'1728     0x4  startup_stm32f401xc.o [1]
  .text            ro code   0x800'172c     0x4  startup_stm32f401xc.o [1]
  .text            ro code   0x800'1730     0x4  startup_stm32f401xc.o [1]
  .text            ro code   0x800'1734     0x4  startup_stm32f401xc.o [1]
  .text            ro code   0x800'1738     0x4  startup_stm32f401xc.o [1]
  .text            ro code   0x800'173c     0x4  startup_stm32f401xc.o [1]
  .text            ro code   0x800'1740     0x4  startup_stm32f401xc.o [1]
  .text            ro code   0x800'1744     0x4  startup_stm32f401xc.o [1]
  .text            ro code   0x800'1748     0x4  startup_stm32f401xc.o [1]
  .text            ro code   0x800'174c     0x4  startup_stm32f401xc.o [1]
  .text            ro code   0x800'1750     0x4  startup_stm32f401xc.o [1]
  .text            ro code   0x800'1754     0x4  startup_stm32f401xc.o [1]
  .text            ro code   0x800'1758     0x4  startup_stm32f401xc.o [1]
  .text            ro code   0x800'175c     0x4  startup_stm32f401xc.o [1]
  .rodata          const     0x800'1760     0x0  zero_init3.o [4]
                           - 0x800'1760  0x15cc

"P2", part 1 of 2:                         0xa0
  .bss             zero     0x2000'0000    0x54  main.o [1]
  .bss             zero     0x2000'0054    0x20  Led.o [1]
  .bss             zero     0x2000'0074    0x19  motors.o [1]
  .bss             zero     0x2000'008d     0x1  stm32f4xx_it.o [1]
  .bss             zero     0x2000'0090     0x8  L3GD20.o [1]
  .bss             zero     0x2000'0098     0x8  motors.o [1]
                          - 0x2000'00a0    0xa0

"P2", part 2 of 2:                       0x2000
  CSTACK                    0x2000'00a0  0x2000  <Block>
    CSTACK         uninit   0x2000'00a0  0x2000  <Block tail>
                          - 0x2000'20a0  0x2000

Unused ranges:

         From           To      Size
         ----           --      ----
   0x800'1760   0x803'ffff  0x3'e8a0
  0x2000'20a0  0x2000'ffff    0xdf60


*******************************************************************************
*** INIT TABLE
***

          Address      Size
          -------      ----
Zero (__iar_zero_init3)
    1 destination range, total size 0xa0:
          0x2000'0000  0xa0



*******************************************************************************
*** MODULE SUMMARY
***

    Module                 ro code  ro data  rw data
    ------                 -------  -------  -------
command line/config:
    ------------------------------------------------
    Total:

C:\Users\aldy\Documents\InvertedPendulum\Debug\Obj: [1]
    L3GD20.o                   396                 8
    LSM303DLHC.o               204
    Led.o                      136                32
    main.o                     520                84
    motors.o                   432                33
    pid.o                      248
    startup_stm32f401xc.o      616
    stm32f4_gpio.o             252
    stm32f4_i2c.o              444
    stm32f4_spi.o              200
    stm32f4xx_it.o             102                 1
    system_stm32f4xx.o         104
    ------------------------------------------------
    Total:                   3'654               158

dl7M_tln.a: [2]
    exit.o                       4
    low_level_init.o             4
    ------------------------------------------------
    Total:                       8

m7M_tls.a: [3]
    DblAdd.o                   378
    DblDiv.o                   582
    DblMul.o                   418
    DblSub.o                   210
    DblToFlt.o                 104
    DblToS32.o                  58
    FltToDbl.o                  72
    U32ToDbl.o                  26
    atanf.o                     72
    fpinit_M.o                  34
    xatanf.o                   164
    ------------------------------------------------
    Total:                   2'118

rt7M_tl.a: [4]
    cexit.o                     10
    cmain.o                     30
    cstartup_M.o                12
    data_init.o                 40
    zero_init3.o                58
    ------------------------------------------------
    Total:                     150

shb_l.a: [5]
    exit.o                      20
    ------------------------------------------------
    Total:                      20

    Gaps                        16        2        2
    Linker created                       16    8'192
----------------------------------------------------
    Grand Total:             5'966       18    8'352


*******************************************************************************
*** ENTRY LIST
***

Entry                       Address   Size  Type      Object
-----                       -------   ----  ----      ------
.iar.init_table$$Base    0x800'1628          --   Gb  - Linker created -
.iar.init_table$$Limit   0x800'1638          --   Gb  - Linker created -
?main                    0x800'1639         Code  Gb  cmain.o [4]
Accelerometer_Data      0x2000'0000    0x8  Data  Gb  main.o [1]
BusFault_Handler         0x800'157b    0x2  Code  Gb  stm32f4xx_it.o [1]
CSTACK$$Base            0x2000'00a0          --   Gb  - Linker created -
CSTACK$$Limit           0x2000'20a0          --   Gb  - Linker created -
DebugMon_Handler         0x800'1581    0x2  Code  Gb  stm32f4xx_it.o [1]
Duty                    0x2000'008c    0x1  Data  Gb  motors.o [1]
EXTI0_IRQHandler         0x800'1587   0x16  Code  Gb  stm32f4xx_it.o [1]
GPIO_ClearPin            0x800'10c7    0xe  Code  Gb  stm32f4_gpio.o [1]
GPIO_Init                0x800'0fd9   0xc4  Code  Gb  stm32f4_gpio.o [1]
GPIO_SetPin              0x800'10b9    0xe  Code  Gb  stm32f4_gpio.o [1]
Gyro_Data               0x2000'0010    0xc  Data  Gb  main.o [1]
HardFault_Handler        0x800'1577    0x2  Code  Gb  stm32f4xx_it.o [1]
I2C_Init                 0x800'1271   0xbc  Code  Gb  stm32f4_i2c.o [1]
I2C_MasterReceiveData    0x800'1381   0x8e  Code  Gb  stm32f4_i2c.o [1]
I2C_MasterSendData       0x800'132d   0x54  Code  Gb  stm32f4_i2c.o [1]
Init                     0x800'055d   0x7a  Code  Gb  main.o [1]
L3GD20_Init              0x800'0689   0xbe  Code  Gb  L3GD20.o [1]
L3GD20_read_rates        0x800'0749   0x44  Code  Gb  L3GD20.o [1]
L3GD20_read_reg_multi    0x800'064f   0x3a  Code  Gb  L3GD20.o [1]
L3GD20_write_reg         0x800'061d   0x32  Code  Gb  L3GD20.o [1]
LED                      0x800'09f1   0x26  Code  Gb  Led.o [1]
LED_Init                 0x800'0a17   0x56  Code  Gb  Led.o [1]
LSM303DLHC_Init          0x800'0a79   0x78  Code  Gb  LSM303DLHC.o [1]
LSM303DLHC_read_rates    0x800'0af1   0x4c  Code  Gb  LSM303DLHC.o [1]
LeftWheelBackw          0x2000'007c    0x8  Data  Lc  motors.o [1]
LeftWheelForw           0x2000'0074    0x8  Data  Lc  motors.o [1]
MemManage_Handler        0x800'1579    0x2  Code  Gb  stm32f4xx_it.o [1]
Motors                   0x800'0e29   0xb8  Code  Gb  motors.o [1]
Motors_Init              0x800'0ee1   0xd2  Code  Gb  motors.o [1]
NMI_Handler              0x800'1575    0x2  Code  Gb  stm32f4xx_it.o [1]
PendSV_Handler           0x800'1583    0x2  Code  Gb  stm32f4xx_it.o [1]
Processed_value         0x2000'0028    0x4  Data  Gb  main.o [1]
Region$$Table$$Base      0x800'1628          --   Gb  - Linker created -
Region$$Table$$Limit     0x800'1638          --   Gb  - Linker created -
RightWheelBackw         0x2000'0098    0x8  Data  Lc  motors.o [1]
RightWheelForw          0x2000'0084    0x8  Data  Lc  motors.o [1]
SPI1_IRQHandler          0x800'15d9    0x2  Code  Gb  stm32f4xx_it.o [1]
SPI_Init                 0x800'10d5   0x6c  Code  Gb  stm32f4_spi.o [1]
SPI_ReceiveData          0x800'1175   0x28  Code  Gb  stm32f4_spi.o [1]
SPI_SendData             0x800'1151   0x24  Code  Gb  stm32f4_spi.o [1]
SS                      0x2000'0090    0x8  Data  Lc  L3GD20.o [1]
SVC_Handler              0x800'157f    0x2  Code  Gb  stm32f4xx_it.o [1]
SysTick_Handler          0x800'1585    0x2  Code  Gb  stm32f4xx_it.o [1]
SystemInit               0x800'150d   0x4e  Code  Gb  system_stm32f4xx.o [1]
TIM1_CC_IRQHandler       0x800'15d7    0x2  Code  Gb  stm32f4xx_it.o [1]
TIM1_UP_TIM10_IRQHandler
                         0x800'159d   0x22  Code  Gb  stm32f4xx_it.o [1]
TIM2_IRQHandler          0x800'15d1    0x2  Code  Gb  stm32f4xx_it.o [1]
TIM3_IRQHandler          0x800'15d3    0x2  Code  Gb  stm32f4xx_it.o [1]
TIM4_IRQHandler          0x800'15d5    0x2  Code  Gb  stm32f4xx_it.o [1]
Tilt                    0x2000'001c    0x4  Data  Gb  main.o [1]
Tilt_A                  0x2000'0020    0x4  Data  Gb  main.o [1]
Tilt_G                  0x2000'0024    0x4  Data  Gb  main.o [1]
UsageFault_Handler       0x800'157d    0x2  Code  Gb  stm32f4xx_it.o [1]
__aeabi_d2f              0x800'0989         Code  Gb  DblToFlt.o [3]
__aeabi_d2iz             0x800'14d1         Code  Gb  DblToS32.o [3]
__aeabi_dadd             0x800'07f1         Code  Gb  DblAdd.o [3]
__aeabi_ddiv             0x800'0195         Code  Gb  DblDiv.o [3]
__aeabi_dmul             0x800'0b45         Code  Gb  DblMul.o [3]
__aeabi_f2d              0x800'07a9         Code  Gb  FltToDbl.o [3]
__aeabi_ui2d             0x800'096d         Code  Gb  U32ToDbl.o [3]
__cmain                  0x800'1639         Code  Gb  cmain.o [4]
__exit                   0x800'166d   0x14  Code  Gb  exit.o [5]
__iar_atan32             0x800'0ce9         Code  Gb  atanf.o [3]
__iar_dadd               0x800'119d         Code  Gb  DblSub.o [3]
__iar_data_init3         0x800'15dd   0x28  Code  Gb  data_init.o [4]
__iar_dsub               0x800'0801         Code  Gb  DblAdd.o [3]
__iar_dsubStart          0x800'0813         Code  Gb  DblAdd.o [3]
__iar_init_vfp           0x800'1605         Code  Gb  fpinit_M.o [3]
__iar_program_start      0x800'1691         Code  Gb  cstartup_M.o [4]
__iar_xatanf             0x800'142d         Code  Gb  xatanf.o [3]
__iar_zero_init3         0x800'03db   0x3a  Code  Gb  zero_init3.o [4]
__low_level_init         0x800'1657    0x4  Code  Gb  low_level_init.o [2]
__vector_table           0x800'0000         Data  Gb  startup_stm32f401xc.o [1]
_call_main               0x800'1645         Code  Gb  cmain.o [4]
_exit                    0x800'1661         Code  Gb  cexit.o [4]
_main                    0x800'1653         Code  Gb  cmain.o [4]
atanf                    0x800'0ce9         Code  Gb  atanf.o [3]
dt_flag                 0x2000'008d    0x1  Data  Gb  stm32f4xx_it.o [1]
exit                     0x800'165b    0x4  Code  Gb  exit.o [2]
i                       0x2000'0030    0x4  Data  Gb  main.o [1]
led_blue                0x2000'006c    0x8  Data  Gb  Led.o [1]
led_green               0x2000'0054    0x8  Data  Gb  Led.o [1]
led_orange              0x2000'005c    0x8  Data  Gb  Led.o [1]
led_red                 0x2000'0064    0x8  Data  Gb  Led.o [1]
main                     0x800'0415  0x146  Code  Gb  main.o [1]
pidData                 0x2000'0034   0x20  Data  Gb  main.o [1]
pid_Controller           0x800'0d4d   0xc2  Code  Gb  pid.o [1]
pid_Init                 0x800'0d31   0x1c  Code  Gb  pid.o [1]
srednia                 0x2000'002c    0x4  Data  Gb  main.o [1]
suma                    0x2000'0008    0x8  Data  Gb  main.o [1]


[1] = C:\Users\aldy\Documents\InvertedPendulum\Debug\Obj
[2] = dl7M_tln.a
[3] = m7M_tls.a
[4] = rt7M_tl.a
[5] = shb_l.a

  5'966 bytes of readonly  code memory
     18 bytes of readonly  data memory
  8'352 bytes of readwrite data memory

Errors: none
Warnings: none
